Component: ARM Compiler 5.05 update 1 (build 106) Tool: armlink [4d0efa]

==============================================================================

Section Cross References

    main.o(i.__sti___8_main_cpp_com) refers to usart.o(i._ZN5USARTC1Ehjbhhhhhttt) for USART::USART(unsigned char, unsigned, bool, unsigned char, unsigned char, unsigned char, unsigned char, unsigned char, unsigned short, unsigned short, unsigned short)
    main.o(i.__sti___8_main_cpp_com) refers to aeabi_atexit.o(i.__aeabi_atexit) for __aeabi_atexit
    main.o(i.__sti___8_main_cpp_com) refers to gpio.o(i._ZN4GPIOC1EP12GPIO_TypeDeft16GPIOMode_TypeDef17GPIOSpeed_TypeDef) for GPIO::GPIO(GPIO_TypeDef*, unsigned short, GPIOMode_TypeDef, GPIOSpeed_TypeDef)
    main.o(i.__sti___8_main_cpp_com) refers to memory.o(i._ZN6MemoryC1Ejb) for Memory::Memory(unsigned, bool)
    main.o(i.__sti___8_main_cpp_com) refers to wifi_memory.o(i._ZN10WifiMemoryC1ER6Memory) for WifiMemory::WifiMemory(Memory&)
    main.o(i.__sti___8_main_cpp_com) refers to inputcapture_exit.o(i._ZN17InputCapture_EXITC1EP12GPIO_TypeDefhhhh) for InputCapture_EXIT::InputCapture_EXIT(GPIO_TypeDef*, unsigned char, unsigned char, unsigned char, unsigned char)
    main.o(i.__sti___8_main_cpp_com) refers to am2302.o(i._ZN6AM2302C1E4GPIOP17InputCapture_EXIT) for AM2302::AM2302(GPIO, InputCapture_EXIT*)
    main.o(i.__sti___8_main_cpp_com) refers to esp8266.o(i._ZN7esp8266C1ER5USART) for esp8266::esp8266(USART&)
    main.o(i.__sti___8_main_cpp_com) refers to hint.o(i._ZN4hintC1E4GPIOS0_) for hint::hint(GPIO, GPIO)
    main.o(i.__sti___8_main_cpp_com) refers to main.o(.bss) for com
    main.o(i.__sti___8_main_cpp_com) refers to usart.o(i._ZN5USARTD1Ev) for USART::~USART()
    main.o(i.__sti___8_main_cpp_com) refers to main.o(.data) for InfoStore
    main.o(i.main) refers to taskmanager.o(i._ZN11TaskManager9ClockToolERdd) for TaskManager::ClockTool(double&, double)
    main.o(i.main) refers to am2302.o(i._ZN6AM23026UpdataEv) for AM2302::Updata()
    main.o(i.main) refers to am2302.o(i._ZN6AM230210Data_Low_8Ev) for AM2302::Data_Low_8()
    main.o(i.main) refers to am2302.o(i._ZN6AM230212Data_Hight_8Ev) for AM2302::Data_Hight_8()
    main.o(i.main) refers to usart.o(i._ZN5USARTlsEi) for USART::operator <<(int)
    main.o(i.main) refers to usart.o(i._ZN5USARTlsEPKc) for USART::operator <<(const char*)
    main.o(i.main) refers to taskmanager.o(.data) for tskmgr
    main.o(i.main) refers to main.o(.bss) for am2302
    main.o(.ARM.exidx) refers to main.o(i.main) for i.main
    main.o(.ARM.exidx) refers to main.o(i.__sti___8_main_cpp_com) for i.__sti___8_main_cpp_com
    main.o(.init_array) refers to main.o(i.__sti___8_main_cpp_com) for __sti___8_main_cpp_com
    main.o(.init_array) refers to init_aeabi.o(.text) for __cpp_initialize__aeabi_
    transmission.o(i._ZN12Transmission13GetStateOrderER5USART) refers to usart.o(i._ZN5USART17ReceiveBufferSizeEv) for USART::ReceiveBufferSize()
    transmission.o(i._ZN12Transmission13GetStateOrderER5USART) refers to usart.o(i._ZN5USART15GetReceivedDataEPht) for USART::GetReceivedData(unsigned char*, unsigned short)
    transmission.o(i._ZN12Transmission13GetStateOrderER5USART) refers to usart.o(i._ZN5USART18ClearReceiveBufferEv) for USART::ClearReceiveBuffer()
    transmission.o(i._ZN12Transmission13GetStateOrderER5USART) refers to transmission.o(i._ZN12Transmission14CommandParsingEPh) for Transmission::CommandParsing(unsigned char*)
    transmission.o(i._ZN12Transmission22GetWifiNameAndPasswordEPcS0_R5USART) refers to usart.o(i._ZN5USART15GetReceivedDataEPht) for USART::GetReceivedData(unsigned char*, unsigned short)
    transmission.o(i._ZN12Transmission22GetWifiNameAndPasswordEPcS0_R5USART) refers to taskmanager.o(i._ZN11TaskManager7DelayMsEt) for TaskManager::DelayMs(unsigned short)
    transmission.o(i._ZN12Transmission22GetWifiNameAndPasswordEPcS0_R5USART) refers to taskmanager.o(.data) for tskmgr
    transmission.o(i._ZN12Transmission9SendAliveER7esp8266hb) refers to transmission.o(i._ZN12Transmission12ToServerPackEhhhh) for Transmission::ToServerPack(unsigned char, unsigned char, unsigned char, unsigned char)
    transmission.o(i._ZN12Transmission9SendAliveER7esp8266hb) refers to esp8266.o(i._ZN7esp82664SendEiPh) for esp8266::Send(int, unsigned char*)
    transmission.o(i._ZN12Transmission9SendAliveER7esp8266hb) refers to transmission.o(i._ZN12Transmission12ToClientPackEhhhh) for Transmission::ToClientPack(unsigned char, unsigned char, unsigned char, unsigned char)
    transmission.o(i._ZN12Transmission9SendAliveER7esp8266hb) refers to esp8266.o(i._ZN7esp82664SendEciPh) for esp8266::Send(char, int, unsigned char*)
    transmission.o(i.__sti___16_transmission_cpp_4ab4cfbc) refers to transmission.o(i._ZN12TransmissionC1Ev) for Transmission::Transmission()
    transmission.o(i.__sti___16_transmission_cpp_4ab4cfbc) refers to transmission.o(.bss) for CMCT_Tool
[...]
    C:\Other\keil5\Keil\STM32F1xx_DFP\2.1.0\Device\StdPeriph_Driver\src\stm32f10x_exti.c 0x00000000   Number         0  stm32f10x_exti.o ABSOLUTE
    C:\Other\keil5\Keil\STM32F1xx_DFP\2.1.0\Device\StdPeriph_Driver\src\stm32f10x_flash.c 0x00000000   Number         0  stm32f10x_flash.o ABSOLUTE
    C:\Other\keil5\Keil\STM32F1xx_DFP\2.1.0\Device\StdPeriph_Driver\src\stm32f10x_gpio.c 0x00000000   Number         0  stm32f10x_gpio.o ABSOLUTE
    C:\Other\keil5\Keil\STM32F1xx_DFP\2.1.0\Device\StdPeriph_Driver\src\stm32f10x_rcc.c 0x00000000   Number         0  stm32f10x_rcc.o ABSOLUTE
    C:\Other\keil5\Keil\STM32F1xx_DFP\2.1.0\Device\StdPeriph_Driver\src\stm32f10x_tim.c 0x00000000   Number         0  stm32f10x_tim.o ABSOLUTE
    C:\Other\keil5\Keil\STM32F1xx_DFP\2.1.0\Device\StdPeriph_Driver\src\stm32f10x_usart.c 0x00000000   Number         0  stm32f10x_usart.o ABSOLUTE
    C:\\Other\\keil5\\Keil\\STM32F1xx_DFP\\2.1.0\\Device\\StdPeriph_Driver\\src\\misc.c 0x00000000   Number         0  misc.o ABSOLUTE
    C:\\Other\\keil5\\Keil\\STM32F1xx_DFP\\2.1.0\\Device\\StdPeriph_Driver\\src\\stm32f10x_adc.c 0x00000000   Number         0  stm32f10x_adc.o ABSOLUTE
    C:\\Other\\keil5\\Keil\\STM32F1xx_DFP\\2.1.0\\Device\\StdPeriph_Driver\\src\\stm32f10x_dma.c 0x00000000   Number         0  stm32f10x_dma.o ABSOLUTE
    C:\\Other\\keil5\\Keil\\STM32F1xx_DFP\\2.1.0\\Device\\StdPeriph_Driver\\src\\stm32f10x_exti.c 0x00000000   Number         0  stm32f10x_exti.o ABSOLUTE
    C:\\Other\\keil5\\Keil\\STM32F1xx_DFP\\2.1.0\\Device\\StdPeriph_Driver\\src\\stm32f10x_flash.c 0x00000000   Number         0  stm32f10x_flash.o ABSOLUTE
    C:\\Other\\keil5\\Keil\\STM32F1xx_DFP\\2.1.0\\Device\\StdPeriph_Driver\\src\\stm32f10x_gpio.c 0x00000000   Number         0  stm32f10x_gpio.o ABSOLUTE
    C:\\Other\\keil5\\Keil\\STM32F1xx_DFP\\2.1.0\\Device\\StdPeriph_Driver\\src\\stm32f10x_rcc.c 0x00000000   Number         0  stm32f10x_rcc.o ABSOLUTE
    C:\\Other\\keil5\\Keil\\STM32F1xx_DFP\\2.1.0\\Device\\StdPeriph_Driver\\src\\stm32f10x_tim.c 0x00000000   Number         0  stm32f10x_tim.o ABSOLUTE
    C:\\Other\\keil5\\Keil\\STM32F1xx_DFP\\2.1.0\\Device\\StdPeriph_Driver\\src\\stm32f10x_usart.c 0x00000000   Number         0  stm32f10x_usart.o ABSOLUTE
    RTE\Device\STM32F103C8\startup_stm32f10x_md.s 0x00000000   Number         0  startup_stm32f10x_md.o ABSOLUTE
    RTE\Device\STM32F103C8\system_stm32f10x.c 0x00000000   Number         0  system_stm32f10x.o ABSOLUTE
    RTE\\Device\\STM32F103C8\\system_stm32f10x.c 0x00000000   Number         0  system_stm32f10x.o ABSOLUTE
    dc.s                                     0x00000000   Number         0  dc.o ABSOLUTE
    lib\ADC.cpp                              0x00000000   Number         0  adc.o ABSOLUTE
    lib\ESP8266.cpp                          0x00000000   Number         0  esp8266.o ABSOLUTE
    lib\GPIO.cpp                             0x00000000   Number         0  gpio.o ABSOLUTE
    lib\Hint.cpp                             0x00000000   Number         0  hint.o ABSOLUTE
    lib\InputCapture_EXIT.cpp                0x00000000   Number         0  inputcapture_exit.o ABSOLUTE
    lib\Interrupt.cpp                        0x00000000   Number         0  interrupt.o ABSOLUTE
    lib\Memory.cpp                           0x00000000   Number         0  memory.o ABSOLUTE
    lib\TaskManager.cpp                      0x00000000   Number         0  taskmanager.o ABSOLUTE
    lib\USART.cpp                            0x00000000   Number         0  usart.o ABSOLUTE
    lib\\ADC.cpp                             0x00000000   Number         0  adc.o ABSOLUTE
    lib\\ESP8266.cpp                         0x00000000   Number         0  esp8266.o ABSOLUTE
    lib\\GPIO.cpp                            0x00000000   Number         0  gpio.o ABSOLUTE
    lib\\Hint.cpp                            0x00000000   Number         0  hint.o ABSOLUTE
    lib\\InputCapture_EXIT.cpp               0x00000000   Number         0  inputcapture_exit.o ABSOLUTE
    lib\\Interrupt.cpp                       0x00000000   Number         0  interrupt.o ABSOLUTE
    lib\\Memory.cpp                          0x00000000   Number         0  memory.o ABSOLUTE
    lib\\TaskManager.cpp                     0x00000000   Number         0  taskmanager.o ABSOLUTE
    lib\\USART.cpp                           0x00000000   Number         0  usart.o ABSOLUTE
    usr\WIFI_Memory.cpp                      0x00000000   Number         0  wifi_memory.o ABSOLUTE
    usr\\WIFI_Memory.cpp                     0x00000000   Number         0  wifi_memory.o ABSOLUTE
    usr\\am2302.cpp                          0x00000000   Number         0  am2302.o ABSOLUTE
    usr\\main.cpp                            0x00000000   Number         0  main.o ABSOLUTE
    usr\\transmission.cpp                    0x00000000   Number         0  transmission.o ABSOLUTE
    usr\am2302.cpp                           0x00000000   Number         0  am2302.o ABSOLUTE
    usr\main.cpp                             0x00000000   Number         0  main.o ABSOLUTE
    usr\transmission.cpp                     0x00000000   Number         0  transmission.o ABSOLUTE
    RESET                                    0x08000000   Section      236  startup_stm32f10x_md.o(RESET)
    !!!main                                  0x080000ec   Section        8  __main.o(!!!main)
    !!!scatter                               0x080000f4   Section       52  __scatter.o(!!!scatter)
    !!handler_copy                           0x08000128   Section       26  __scatter_copy.o(!!handler_copy)
    !!handler_zi                             0x08000144   Section       28  __scatter_zi.o(!!handler_zi)
    .ARM.Collect$$libinit$$00000000          0x08000160   Section        2  libinit.o(.ARM.Collect$$libinit$$00000000)
    .ARM.Collect$$libinit$$00000002          0x08000162   Section        0  libinit2.o(.ARM.Collect$$libinit$$00000002)
    .ARM.Collect$$libinit$$00000004          0x08000162   Section        0  libinit2.o(.ARM.Collect$$libinit$$00000004)
    .ARM.Collect$$libinit$$00000005          0x08000162   Section        8  libinit2.o(.ARM.Collect$$libinit$$00000005)
    .ARM.Collect$$libinit$$0000000A          0x0800016a   Section        0  libinit2.o(.ARM.Collect$$libinit$$0000000A)
    .ARM.Collect$$libinit$$0000000C          0x0800016a   Section        0  libinit2.o(.ARM.Collect$$libinit$$0000000C)
    .ARM.Collect$$libinit$$0000000E          0x0800016a   Section        0  libinit2.o(.ARM.Collect$$libinit$$0000000E)
    .ARM.Collect$$libinit$$00000011          0x0800016a   Section        0  libinit2.o(.ARM.Collect$$libinit$$00000011)
    .ARM.Collect$$libinit$$00000013          0x0800016a   Section        0  libinit2.o(.ARM.Collect$$libinit$$00000013)
    .ARM.Collect$$libinit$$00000015          0x0800016a   Section        0  libinit2.o(.ARM.Collect$$libinit$$00000015)
    .ARM.Collect$$libinit$$00000017          0x0800016a   Section        0  libinit2.o(.ARM.Collect$$libinit$$00000017)
    .ARM.Collect$$libinit$$00000019          0x0800016a   Section        0  libinit2.o(.ARM.Collect$$libinit$$00000019)
    .ARM.Collect$$libinit$$0000001B          0x0800016a   Section        0  libinit2.o(.ARM.Collect$$libinit$$0000001B)
    .ARM.Collect$$libinit$$0000001D          0x0800016a   Section        0  libinit2.o(.ARM.Collect$$libinit$$0000001D)
    .ARM.Collect$$libinit$$0000001F          0x0800016a   Section        0  libinit2.o(.ARM.Collect$$libinit$$0000001F)
    .ARM.Collect$$libinit$$00000021          0x0800016a   Section        0  libinit2.o(.ARM.Collect$$libinit$$00000021)
    .ARM.Collect$$libinit$$00000023          0x0800016a   Section        0  libinit2.o(.ARM.Collect$$libinit$$00000023)
    .ARM.Collect$$libinit$$00000025          0x0800016a   Section        0  libinit2.o(.ARM.Collect$$libinit$$00000025)
    .ARM.Collect$$libinit$$0000002C          0x0800016a   Section        0  libinit2.o(.ARM.Collect$$libinit$$0000002C)
    .ARM.Collect$$libinit$$0000002E          0x0800016a   Section        0  libinit2.o(.ARM.Collect$$libinit$$0000002E)
    .ARM.Collect$$libinit$$00000030          0x0800016a   Section        0  libinit2.o(.ARM.Collect$$libinit$$00000030)
    .ARM.Collect$$libinit$$00000031          0x0800016a   Section        4  libinit2.o(.ARM.Collect$$libinit$$00000031)
    .ARM.Collect$$libinit$$00000032          0x0800016e   Section        0  libinit2.o(.ARM.Collect$$libinit$$00000032)
    .ARM.Collect$$libinit$$00000033          0x0800016e   Section        2  libinit2.o(.ARM.Collect$$libinit$$00000033)
    .ARM.Collect$$libshutdown$$00000000      0x08000170   Section        2  libshutdown.o(.ARM.Collect$$libshutdown$$00000000)
    .ARM.Collect$$libshutdown$$00000001      0x08000172   Section        6  libshutdown2.o(.ARM.Collect$$libshutdown$$00000001)
    .ARM.Collect$$libshutdown$$00000003      0x08000178   Section        0  libshutdown2.o(.ARM.Collect$$libshutdown$$00000003)
    .ARM.Collect$$libshutdown$$00000006      0x08000178   Section        0  libshutdown2.o(.ARM.Collect$$libshutdown$$00000006)
    .ARM.Collect$$libshutdown$$00000009      0x08000178   Section        0  libshutdown2.o(.ARM.Collect$$libshutdown$$00000009)
    .ARM.Collect$$libshutdown$$0000000B      0x08000178   Section        0  libshutdown2.o(.ARM.Collect$$libshutdown$$0000000B)
    .ARM.Collect$$libshutdown$$0000000E      0x08000178   Section        0  libshutdown2.o(.ARM.Collect$$libshutdown$$0000000E)
    .ARM.Collect$$libshutdown$$0000000F      0x08000178   Section        2  libshutdown2.o(.ARM.Collect$$libshutdown$$0000000F)
    .ARM.Collect$$rtentry$$00000000          0x0800017a   Section        0  __rtentry.o(.ARM.Collect$$rtentry$$00000000)
    .ARM.Collect$$rtentry$$00000002          0x0800017a   Section        0  __rtentry2.o(.ARM.Collect$$rtentry$$00000002)
    .ARM.Collect$$rtentry$$00000004          0x0800017a   Section        6  __rtentry4.o(.ARM.Collect$$rtentry$$00000004)
    .ARM.Collect$$rtentry$$00000009          0x08000180   Section        0  __rtentry2.o(.ARM.Collect$$rtentry$$00000009)
    .ARM.Collect$$rtentry$$0000000A          0x08000180   Section        4  __rtentry2.o(.ARM.Collect$$rtentry$$0000000A)
    .ARM.Collect$$rtentry$$0000000C          0x08000184   Section        0  __rtentry2.o(.ARM.Collect$$rtentry$$0000000C)
    .ARM.Collect$$rtentry$$0000000D          0x08000184   Section        8  __rtentry2.o(.ARM.Collect$$rtentry$$0000000D)
    .ARM.Collect$$rtexit$$00000000           0x0800018c   Section        2  rtexit.o(.ARM.Collect$$rtexit$$00000000)
    .ARM.Collect$$rtexit$$00000002           0x0800018e   Section        0  rtexit2.o(.ARM.Collect$$rtexit$$00000002)
    .ARM.Collect$$rtexit$$00000003           0x0800018e   Section        4  rtexit2.o(.ARM.Collect$$rtexit$$00000003)
    .ARM.Collect$$rtexit$$00000004           0x08000192   Section        6  rtexit2.o(.ARM.Collect$$rtexit$$00000004)
    .emb_text                                0x08000198   Section        0  maybetermalloc1.o(.emb_text)
    .text                                    0x08000198   Section       64  startup_stm32f10x_md.o(.text)
    .text                                    0x080001d8   Section      100  rt_memcpy_w.o(.text)
    .text                                    0x0800023c   Section        0  heapauxi.o(.text)
    .text                                    0x08000244   Section        0  init_aeabi.o(.text)
    .text                                    0x08000268   Section        8  rt_ddtor_pointer_addr_intlibspace.o(.text)
    .text                                    0x08000270   Section        0  h1_alloc.o(.text)
    .text                                    0x080002d0   Section        8  libspace.o(.text)
    .text                                    0x080002d8   Section        8  rt_heap_descriptor_intlibspace.o(.text)
    .text                                    0x080002e0   Section        0  hguard.o(.text)
    .text                                    0x080002e4   Section        0  init_alloc.o(.text)
    .text                                    0x0800036e   Section        0  h1_init.o(.text)
    .text                                    0x0800037c   Section        0  h1_free.o(.text)
    .text                                    0x080003ca   Section        0  defsig_exit.o(.text)
    .text                                    0x080003d4   Section        0  sys_exit.o(.text)
    .text                                    0x080003e0   Section       74  sys_stackheap_outer.o(.text)
    .text                                    0x0800042a   Section        0  h1_extend.o(.text)
    .text                                    0x0800045e   Section        0  exit.o(.text)
    .text                                    0x0800046a   Section        0  defsig_general.o(.text)
    .text                                    0x0800049c   Section        0  defsig_rtmem_outer.o(.text)
    .text                                    0x080004aa   Section        0  sys_wrch.o(.text)
    .text                                    0x080004b8   Section        2  use_no_semi.o(.text)
    .text                                    0x080004ba   Section        0  indicate_semi.o(.text)
    .text                                    0x080004bc   Section        0  defsig_rtmem_inner.o(.text)
    i.DMA1_Channel2_IRQHandler               0x0800050c   Section        0  interrupt.o(i.DMA1_Channel2_IRQHandler)
    i.DMA1_Channel4_IRQHandler               0x08000524   Section        0  interrupt.o(i.DMA1_Channel4_IRQHandler)
    i.DMA1_Channel7_IRQHandler               0x0800053c   Section        0  interrupt.o(i.DMA1_Channel7_IRQHandler)
    i.DMA_ClearFlag                          0x08000554   Section        0  stm32f10x_dma.o(i.DMA_ClearFlag)
    i.DMA_ClearITPendingBit                  0x08000570   Section        0  stm32f10x_dma.o(i.DMA_ClearITPendingBit)
    i.DMA_Cmd                                0x0800058c   Section        0  stm32f10x_dma.o(i.DMA_Cmd)
    i.DMA_GetFlagStatus                      0x080005a4   Section        0  stm32f10x_dma.o(i.DMA_GetFlagStatus)
    i.DMA_Init                               0x080005d0   Section        0  stm32f10x_dma.o(i.DMA_Init)
    i.EXTI0_IRQHandler                       0x0800060c   Section        0  interrupt.o(i.EXTI0_IRQHandler)
    i.EXTI15_10_IRQHandler                   0x08000616   Section        0  interrupt.o(i.EXTI15_10_IRQHandler)
    i.EXTI1_IRQHandler                       0x08000686   Section        0  interrupt.o(i.EXTI1_IRQHandler)
    i.EXTI2_IRQHandler                       0x08000690   Section        0  interrupt.o(i.EXTI2_IRQHandler)
    i.EXTI3_IRQHandler                       0x0800069a   Section        0  interrupt.o(i.EXTI3_IRQHandler)
    i.EXTI4_IRQHandler                       0x080006a4   Section        0  interrupt.o(i.EXTI4_IRQHandler)
    i.EXTI9_5_IRQHandler                     0x080006bc   Section        0  interrupt.o(i.EXTI9_5_IRQHandler)
    i.EXTI_ClearITPendingBit                 0x08000710   Section        0  stm32f10x_exti.o(i.EXTI_ClearITPendingBit)
    i.EXTI_GetITStatus                       0x0800071c   Section        0  stm32f10x_exti.o(i.EXTI_GetITStatus)
    i.EXTI_Init                              0x08000744   Section        0  stm32f10x_exti.o(i.EXTI_Init)
    i.FLASH_ClearFlag                        0x080007d8   Section        0  stm32f10x_flash.o(i.FLASH_ClearFlag)
    i.FLASH_ErasePage                        0x080007e4   Section        0  stm32f10x_flash.o(i.FLASH_ErasePage)
    i.FLASH_GetBank1Status                   0x08000830   Section        0  stm32f10x_flash.o(i.FLASH_GetBank1Status)
    i.FLASH_Lock                             0x08000864   Section        0  stm32f10x_flash.o(i.FLASH_Lock)
    i.FLASH_ProgramHalfWord                  0x08000878   Section        0  stm32f10x_flash.o(i.FLASH_ProgramHalfWord)
    i.FLASH_ProgramWord                      0x080008b8   Section        0  stm32f10x_flash.o(i.FLASH_ProgramWord)
    i.FLASH_Unlock                           0x08000924   Section        0  stm32f10x_flash.o(i.FLASH_Unlock)
    i.FLASH_WaitForLastOperation             0x0800093c   Section        0  stm32f10x_flash.o(i.FLASH_WaitForLastOperation)
    i.GPIO_EXTILineConfig                    0x08000964   Section        0  stm32f10x_gpio.o(i.GPIO_EXTILineConfig)
    i.GPIO_Init                              0x080009a4   Section        0  stm32f10x_gpio.o(i.GPIO_Init)
    i.GPIO_PinRemapConfig                    0x08000abc   Section        0  stm32f10x_gpio.o(i.GPIO_PinRemapConfig)
    i.GPIO_ReadInputDataBit                  0x08000b4c   Section        0  stm32f10x_gpio.o(i.GPIO_ReadInputDataBit)
    i.GPIO_ResetBits                         0x08000b5e   Section        0  stm32f10x_gpio.o(i.GPIO_ResetBits)
    i.GPIO_SetBits                           0x08000b62   Section        0  stm32f10x_gpio.o(i.GPIO_SetBits)
    i.NVIC_Init                              0x08000b68   Section        0  misc.o(i.NVIC_Init)
    i.NVIC_PriorityGroupConfig               0x08000bd8   Section        0  misc.o(i.NVIC_PriorityGroupConfig)
    i.RCC_AHBPeriphClockCmd                  0x08000bec   Section        0  stm32f10x_rcc.o(i.RCC_AHBPeriphClockCmd)
    i.RCC_APB1PeriphClockCmd                 0x08000c0c   Section        0  stm32f10x_rcc.o(i.RCC_APB1PeriphClockCmd)
    i.RCC_APB2PeriphClockCmd                 0x08000c2c   Section        0  stm32f10x_rcc.o(i.RCC_APB2PeriphClockCmd)
    i.RCC_GetClocksFreq                      0x08000c4c   Section        0  stm32f10x_rcc.o(i.RCC_GetClocksFreq)
    i.SetSysClock                            0x08000d20   Section        0  system_stm32f10x.o(i.SetSysClock)
    SetSysClock                              0x08000d21   Thumb Code     8  system_stm32f10x.o(i.SetSysClock)
    i.SetSysClockTo72                        0x08000d28   Section        0  system_stm32f10x.o(i.SetSysClockTo72)
    SetSysClockTo72                          0x08000d29   Thumb Code   214  system_stm32f10x.o(i.SetSysClockTo72)
    i.SysTick_Handler                        0x08000e08   Section        0  taskmanager.o(i.SysTick_Handler)
    i.SystemInit                             0x08000e28   Section        0  system_stm32f10x.o(i.SystemInit)
    i.USART1_IRQHandler                      0x08000e88   Section        0  interrupt.o(i.USART1_IRQHandler)
    i.USART2_IRQHandler                      0x08000ea0   Section        0  interrupt.o(i.USART2_IRQHandler)
    i.USART3_IRQHandler                      0x08000eb8   Section        0  interrupt.o(i.USART3_IRQHandler)
    i.USART_ClearITPendingBit                0x08000ed0   Section        0  stm32f10x_usart.o(i.USART_ClearITPendingBit)
    i.USART_Cmd                              0x08000eee   Section        0  stm32f10x_usart.o(i.USART_Cmd)
    i.USART_DMACmd                           0x08000f06   Section        0  stm32f10x_usart.o(i.USART_DMACmd)
    i.USART_GetFlagStatus                    0x08000f18   Section        0  stm32f10x_usart.o(i.USART_GetFlagStatus)
    i.USART_GetITStatus                      0x08000f32   Section        0  stm32f10x_usart.o(i.USART_GetITStatus)
    i.USART_ITConfig                         0x08000f86   Section        0  stm32f10x_usart.o(i.USART_ITConfig)
    i.USART_Init                             0x08000fd0   Section        0  stm32f10x_usart.o(i.USART_Init)
    i.USART_ReceiveData                      0x080010a8   Section        0  stm32f10x_usart.o(i.USART_ReceiveData)
    i.USART_SendData                         0x080010b2   Section        0  stm32f10x_usart.o(i.USART_SendData)
    i._ZN10WifiMemory12LoadSaveInfoEv        0x080010ba   Section        0  wifi_memory.o(i._ZN10WifiMemory12LoadSaveInfoEv)
    i._ZN10WifiMemory14UpdataSaveInfoEv      0x0800111e   Section        0  wifi_memory.o(i._ZN10WifiMemory14UpdataSaveInfoEv)
    i._ZN10WifiMemoryC1ER6Memory             0x0800115e   Section        0  wifi_memory.o(i._ZN10WifiMemoryC1ER6Memory)
    i._ZN11TaskManager4TimeEv                0x08001170   Section        0  taskmanager.o(i._ZN11TaskManager4TimeEv)
    i._ZN11TaskManager7DelayMsEt             0x08001200   Section        0  taskmanager.o(i._ZN11TaskManager7DelayMsEt)
    i._ZN11TaskManager7DelayUsEt             0x0800124c   Section        0  taskmanager.o(i._ZN11TaskManager7DelayUsEt)
    i._ZN11TaskManager9ClockToolERdd         0x08001298   Section        0  taskmanager.o(i._ZN11TaskManager9ClockToolERdd)
    i._ZN11TaskManagerC1Ev                   0x080012d8   Section        0  taskmanager.o(i._ZN11TaskManagerC1Ev)
    i._ZN12TransmissionC1Ev                  0x080012fc   Section        0  transmission.o(i._ZN12TransmissionC1Ev)
    i._ZN17InputCapture_EXIT12InitdataTimeEv 0x08001318   Section        0  inputcapture_exit.o(i._ZN17InputCapture_EXIT12InitdataTimeEv)
    i._ZN17InputCapture_EXIT3IRQEv           0x08001340   Section        0  inputcapture_exit.o(i._ZN17InputCapture_EXIT3IRQEv)
    i._ZN17InputCapture_EXIT5CloseEv         0x0800143c   Section        0  inputcapture_exit.o(i._ZN17InputCapture_EXIT5CloseEv)
    i._ZN17InputCapture_EXIT5StartEv         0x0800146a   Section        0  inputcapture_exit.o(i._ZN17InputCapture_EXIT5StartEv)
    i._ZN17InputCapture_EXITC1EP12GPIO_TypeDefhhhh 0x08001498   Section        0  inputcapture_exit.o(i._ZN17InputCapture_EXITC1EP12GPIO_TypeDefhhhh)
    i._ZN4GPIO10ChangeModeE16GPIOMode_TypeDef 0x08001660   Section        0  gpio.o(i._ZN4GPIO10ChangeModeE16GPIOMode_TypeDef)
    i._ZN4GPIO17RCC_ConfigurationEv          0x0800168c   Section        0  gpio.o(i._ZN4GPIO17RCC_ConfigurationEv)
    i._ZN4GPIO8GetLevelEv                    0x0800172c   Section        0  gpio.o(i._ZN4GPIO8GetLevelEv)
    i._ZN4GPIO8SetLevelEh                    0x0800174c   Section        0  gpio.o(i._ZN4GPIO8SetLevelEh)
    i._ZN4GPIOC1EP12GPIO_TypeDeft16GPIOMode_TypeDef17GPIOSpeed_TypeDef 0x0800177c   Section        0  gpio.o(i._ZN4GPIOC1EP12GPIO_TypeDeft16GPIOMode_TypeDef17GPIOSpeed_TypeDef)
    i._ZN4hintC1E4GPIOS0_                    0x080017c0   Section        0  hint.o(i._ZN4hintC1E4GPIOS0_)
    i._ZN5USART3IrqEv                        0x080017d8   Section        0  usart.o(i._ZN5USART3IrqEv)
    i._ZN5USART6DmaIrqEv                     0x080018a8   Section        0  usart.o(i._ZN5USART6DmaIrqEv)
    i._ZN5USART8SendDataEPhj                 0x08001930   Section        0  usart.o(i._ZN5USART8SendDataEPhj)
    i._ZN5USARTC1Ehjbhhhhhttt                0x08001a04   Section        0  usart.o(i._ZN5USARTC1Ehjbhhhhhttt)
    i._ZN5USARTD1Ev                          0x08001d9c   Section        0  usart.o(i._ZN5USARTD1Ev)
    i._ZN5USARTlsEPKc                        0x08001dec   Section        0  usart.o(i._ZN5USARTlsEPKc)
    i._ZN5USARTlsEi                          0x08001e10   Section        0  usart.o(i._ZN5USARTlsEi)
    i._ZN6AM230210Data_Low_8Ev               0x08001e6e   Section        0  am2302.o(i._ZN6AM230210Data_Low_8Ev)
    i._ZN6AM230212DHT22_PortINEv             0x08001e74   Section        0  am2302.o(i._ZN6AM230212DHT22_PortINEv)
    i._ZN6AM230212Data_Hight_8Ev             0x08001e84   Section        0  am2302.o(i._ZN6AM230212Data_Hight_8Ev)
    i._ZN6AM230213DHT22_PortOUTEv            0x08001e8a   Section        0  am2302.o(i._ZN6AM230213DHT22_PortOUTEv)
    i._ZN6AM230218get_DHT22data_ByteEv       0x08001e9c   Section        0  am2302.o(i._ZN6AM230218get_DHT22data_ByteEv)
    i._ZN6AM23026UpdataEv                    0x08001f2c   Section        0  am2302.o(i._ZN6AM23026UpdataEv)
    i._ZN6AM23027getDataEv                   0x08001fa4   Section        0  am2302.o(i._ZN6AM23027getDataEv)
    i._ZN6AM2302C1E4GPIOP17InputCapture_EXIT 0x08002050   Section        0  am2302.o(i._ZN6AM2302C1E4GPIOP17InputCapture_EXIT)
    i._ZN6Memory4ReadEttPtt                  0x08002088   Section        0  memory.o(i._ZN6Memory4ReadEttPtt)
    i._ZN6Memory5WriteEttPtt                 0x080020d4   Section        0  memory.o(i._ZN6Memory5WriteEttPtt)
    i._ZN6MemoryC1Ejb                        0x0800217c   Section        0  memory.o(i._ZN6MemoryC1Ejb)
    i._ZN7esp8266C1ER5USART                  0x08002192   Section        0  esp8266.o(i._ZN7esp8266C1ER5USART)
    i.__aeabi_atexit                         0x08002196   Section        0  aeabi_atexit.o(i.__aeabi_atexit)
    i.__cxa_finalize                         0x080021c8   Section        0  cxa_finalize.o(i.__cxa_finalize)
    i.__sti___15_TaskManager_cpp_tskmgr      0x0800220c   Section        0  taskmanager.o(i.__sti___15_TaskManager_cpp_tskmgr)
    __sti___15_TaskManager_cpp_tskmgr        0x0800220d   Thumb Code    10  taskmanager.o(i.__sti___15_TaskManager_cpp_tskmgr)
    i.__sti___16_transmission_cpp_4ab4cfbc   0x0800221c   Section        0  transmission.o(i.__sti___16_transmission_cpp_4ab4cfbc)
    __sti___16_transmission_cpp_4ab4cfbc     0x0800221d   Thumb Code    10  transmission.o(i.__sti___16_transmission_cpp_4ab4cfbc)
    i.__sti___8_main_cpp_com                 0x0800222c   Section        0  main.o(i.__sti___8_main_cpp_com)
    __sti___8_main_cpp_com                   0x0800222d   Thumb Code   290  main.o(i.__sti___8_main_cpp_com)
    i.main                                   0x08002394   Section        0  main.o(i.main)
    t._ZN10FIFOBufferIhLt50EE3GetERh         0x080023fc   Section        0  usart.o(t._ZN10FIFOBufferIhLt50EE3GetERh)
    t._ZN10FIFOBufferIhLt50EE3PutERKh        0x0800242c   Section        0  usart.o(t._ZN10FIFOBufferIhLt50EE3PutERKh)
    t._ZN10FIFOBufferIhLt50EE4GetsEPht       0x08002460   Section        0  usart.o(t._ZN10FIFOBufferIhLt50EE4GetsEPht)
    t._ZN10FIFOBufferIhLt50EE4PutsEPht       0x0800249e   Section        0  usart.o(t._ZN10FIFOBufferIhLt50EE4PutsEPht)
    t._ZN10FIFOBufferIhLt50EE4SizeEv         0x080024e0   Section        0  usart.o(t._ZN10FIFOBufferIhLt50EE4SizeEv)
    t._ZN10FIFOBufferIhLt50EEC1Ev            0x080024e6   Section        0  usart.o(t._ZN10FIFOBufferIhLt50EEC1Ev)
    x$fpl$dadd                               0x080024f4   Section      336  daddsub_clz.o(x$fpl$dadd)
    _dadd1                                   0x08002505   Thumb Code     0  daddsub_clz.o(x$fpl$dadd)
    x$fpl$dcmpinf                            0x08002644   Section       24  dcmpi.o(x$fpl$dcmpinf)
    x$fpl$ddiv                               0x0800265c   Section      688  ddiv.o(x$fpl$ddiv)
    ddiv_entry                               0x08002663   Thumb Code     0  ddiv.o(x$fpl$ddiv)
    x$fpl$dfltu                              0x0800290c   Section       38  dflt_clz.o(x$fpl$dfltu)
    x$fpl$dleqf                              0x08002934   Section      120  dleqf.o(x$fpl$dleqf)
    x$fpl$dmul                               0x080029ac   Section      340  dmul.o(x$fpl$dmul)
    x$fpl$dnaninf                            0x08002b00   Section      156  dnaninf.o(x$fpl$dnaninf)
    x$fpl$dretinf                            0x08002b9c   Section       12  dretinf.o(x$fpl$dretinf)
    x$fpl$drleqf                             0x08002ba8   Section      108  drleqf.o(x$fpl$drleqf)
    x$fpl$dsub                               0x08002c14   Section      468  daddsub_clz.o(x$fpl$dsub)
    _dsub1                                   0x08002c25   Thumb Code     0  daddsub_clz.o(x$fpl$dsub)
    .constdata                               0x08002de8   Section       32  gpio.o(.constdata)
    x$fpl$usenofp                            0x08002de8   Section        0  usenofp.o(x$fpl$usenofp)
    .constdata                               0x08002e08   Section       20  inputcapture_exit.o(.constdata)
    .constdata__ZTV6AM2302                   0x08002e1c   Section       24  am2302.o(.constdata__ZTV6AM2302)
    .constdata__ZTV6Senser                   0x08002e34   Section       24  am2302.o(.constdata__ZTV6Senser)
    .init_array                              0x08002e6c   Section        4  main.o(.init_array)
    .init_array                              0x08002e70   Section        4  transmission.o(.init_array)
    .init_array                              0x08002e74   Section        4  taskmanager.o(.init_array)
    .init_array                              0x08002e78   Section        0  init_aeabi.o(.init_array)
    .data                                    0x20000000   Section        8  main.o(.data)
    .data                                    0x20000008   Section       16  interrupt.o(.data)
    .data                                    0x20000018   Section       32  taskmanager.o(.data)
    .data                                    0x20000038   Section        3  usart.o(.data)
    dataToSend                               0x20000038   Data           1  usart.o(.data)
    dataToSend                               0x20000039   Data           1  usart.o(.data)
    dataToSend                               0x2000003a   Data           1  usart.o(.data)
    .data                                    0x20000040   Section       11  inputcapture_exit.o(.data)
    riseTime                                 0x20000040   Data           8  inputcapture_exit.o(.data)
    cnt                                      0x20000048   Data           1  inputcapture_exit.o(.data)
    flag                                     0x20000049   Data           1  inputcapture_exit.o(.data)
    num                                      0x2000004a   Data           1  inputcapture_exit.o(.data)
    .data                                    0x2000004b   Section       20  stm32f10x_rcc.o(.data)
    APBAHBPrescTable                         0x2000004b   Data          16  stm32f10x_rcc.o(.data)
    ADCPrescTable                            0x2000005b   Data           4  stm32f10x_rcc.o(.data)
    .bss                                     0x20000060   Section     2488  main.o(.bss)
    .bss                                     0x20000a18   Section       40  transmission.o(.bss)
    .bss                                     0x20000a40   Section       96  libspace.o(.bss)
    HEAP                                     0x20000aa0   Section      512  startup_stm32f10x_md.o(HEAP)
    Heap_Mem                                 0x20000aa0   Data         512  startup_stm32f10x_md.o(HEAP)
    STACK                                    0x20000ca0   Section     1024  startup_stm32f10x_md.o(STACK)
    Stack_Mem                                0x20000ca0   Data        1024  startup_stm32f10x_md.o(STACK)
    __initial_sp                             0x200010a0   Data           0  startup_stm32f10x_md.o(STACK)

    Global Symbols

    Symbol Name                              Value     Ov Type        Size  Object(Section)

    BuildAttributes$$THM_ISAv4$P$D$K$B$S$PE$A:L22UL41UL21$X:L11$S22US41US21$IEEE1$IW$USESV6$~STKCKD$USESV7$~SHL$OTIME$ROPI$EBA8$UX$STANDARDLIB$REQ8$PRES8$EABIv2 0x00000000   Number         0  anon$$obj.o ABSOLUTE
    __ARM_use_no_argv                        0x00000000   Number         0  main.o ABSOLUTE
    __ARM::default_unexpected_handler()       - Undefined Weak Reference
    __ARM_exceptions_buffer_required          - Undefined Weak Reference
    __ARM_exceptions_init                     - Undefined Weak Reference
    __alloca_initialize                       - Undefined Weak Reference
    __arm_preinit_                            - Undefined Weak Reference
    __rt_locale                               - Undefined Weak Reference
    __sigvec_lookup                           - Undefined Weak Reference
    __user_heap_extent                        - Undefined Weak Reference
    _atexit_init                              - Undefined Weak Reference
    _call_atexit_fns                          - Undefined Weak Reference
    _clock_init                               - Undefined Weak Reference
    _fp_trap_init                             - Undefined Weak Reference
    _fp_trap_shutdown                         - Undefined Weak Reference
    _get_lc_collate                           - Undefined Weak Reference
    _get_lc_ctype                             - Undefined Weak Reference
    _get_lc_monetary                          - Undefined Weak Reference
    _get_lc_numeric                           - Undefined Weak Reference
    _get_lc_time                              - Undefined Weak Reference
    _getenv_init                              - Undefined Weak Reference
    _handle_redirection                       - Undefined Weak Reference
    _initio                                   - Undefined Weak Reference
    _mutex_acquire                            - Undefined Weak Reference
    _mutex_free                               - Undefined Weak Reference
    _mutex_release                            - Undefined Weak Reference
    _rand_init                                - Undefined Weak Reference
    _signal_finish                            - Undefined Weak Reference
    _signal_init                              - Undefined Weak Reference
    _terminateio                              - Undefined Weak Reference
    __Vectors_Size                           0x000000ec   Number         0  startup_stm32f10x_md.o ABSOLUTE
    __Vectors                                0x08000000   Data           4  startup_stm32f10x_md.o(RESET)
    __dso_handle                             0x08000000   Number         0  startup_stm32f10x_md.o(RESET)
    __Vectors_End                            0x080000ec   Data           0  startup_stm32f10x_md.o(RESET)
    __main                                   0x080000ed   Thumb Code     8  __main.o(!!!main)
    __scatterload                            0x080000f5   Thumb Code     0  __scatter.o(!!!scatter)
    __scatterload_rt2                        0x080000f5   Thumb Code    44  __scatter.o(!!!scatter)
    __scatterload_rt2_thumb_only             0x080000f5   Thumb Code     0  __scatter.o(!!!scatter)
    __scatterload_null                       0x08000103   Thumb Code     0  __scatter.o(!!!scatter)
    __scatterload_copy                       0x08000129   Thumb Code    26  __scatter_copy.o(!!handler_copy)
    __scatterload_zeroinit                   0x08000145   Thumb Code    28  __scatter_zi.o(!!handler_zi)
    __rt_lib_init                            0x08000161   Thumb Code     0  libinit.o(.ARM.Collect$$libinit$$00000000)
    __rt_lib_init_fp_1                       0x08000163   Thumb Code     0  libinit2.o(.ARM.Collect$$libinit$$00000002)
    __rt_lib_init_heap_2                     0x08000163   Thumb Code     0  libinit2.o(.ARM.Collect$$libinit$$00000005)
    __rt_lib_init_preinit_1                  0x08000163   Thumb Code     0  libinit2.o(.ARM.Collect$$libinit$$00000004)
    __rt_lib_init_alloca_1                   0x0800016b   Thumb Code     0  libinit2.o(.ARM.Collect$$libinit$$0000002E)
    __rt_lib_init_argv_1                     0x0800016b   Thumb Code     0  libinit2.o(.ARM.Collect$$libinit$$0000002C)
    __rt_lib_init_atexit_1                   0x0800016b   Thumb Code     0  libinit2.o(.ARM.Collect$$libinit$$0000001B)
    __rt_lib_init_clock_1                    0x0800016b   Thumb Code     0  libinit2.o(.ARM.Collect$$libinit$$00000021)
    __rt_lib_init_cpp_2                      0x0800016b   Thumb Code     0  libinit2.o(.ARM.Collect$$libinit$$00000031)
    __rt_lib_init_exceptions_1               0x0800016b   Thumb Code     0  libinit2.o(.ARM.Collect$$libinit$$00000030)
    __rt_lib_init_fp_trap_1                  0x0800016b   Thumb Code     0  libinit2.o(.ARM.Collect$$libinit$$0000001F)
    __rt_lib_init_getenv_1                   0x0800016b   Thumb Code     0  libinit2.o(.ARM.Collect$$libinit$$00000023)
    __rt_lib_init_heap_1                     0x0800016b   Thumb Code     0  libinit2.o(.ARM.Collect$$libinit$$0000000A)
    __rt_lib_init_lc_collate_1               0x0800016b   Thumb Code     0  libinit2.o(.ARM.Collect$$libinit$$00000011)
    __rt_lib_init_lc_ctype_1                 0x0800016b   Thumb Code     0  libinit2.o(.ARM.Collect$$libinit$$00000013)
    __rt_lib_init_lc_monetary_1              0x0800016b   Thumb Code     0  libinit2.o(.ARM.Collect$$libinit$$00000015)
    __rt_lib_init_lc_numeric_1               0x0800016b   Thumb Code     0  libinit2.o(.ARM.Collect$$libinit$$00000017)
    __rt_lib_init_lc_time_1                  0x0800016b   Thumb Code     0  libinit2.o(.ARM.Collect$$libinit$$00000019)
    __rt_lib_init_rand_1                     0x0800016b   Thumb Code     0  libinit2.o(.ARM.Collect$$libinit$$0000000E)
    __rt_lib_init_signal_1                   0x0800016b   Thumb Code     0  libinit2.o(.ARM.Collect$$libinit$$0000001D)
    __rt_lib_init_stdio_1                    0x0800016b   Thumb Code     0  libinit2.o(.ARM.Collect$$libinit$$00000025)
    __rt_lib_init_user_alloc_1               0x0800016b   Thumb Code     0  libinit2.o(.ARM.Collect$$libinit$$0000000C)
    __rt_lib_init_cpp_1                      0x0800016f   Thumb Code     0  libinit2.o(.ARM.Collect$$libinit$$00000032)
    __rt_lib_init_return                     0x0800016f   Thumb Code     0  libinit2.o(.ARM.Collect$$libinit$$00000033)
    __rt_lib_shutdown                        0x08000171   Thumb Code     0  libshutdown.o(.ARM.Collect$$libshutdown$$00000000)
    __rt_lib_shutdown_cpp_1                  0x08000173   Thumb Code     0  libshutdown2.o(.ARM.Collect$$libshutdown$$00000001)
    __rt_lib_shutdown_fp_trap_1              0x08000179   Thumb Code     0  libshutdown2.o(.ARM.Collect$$libshutdown$$00000006)
    __rt_lib_shutdown_heap_1                 0x08000179   Thumb Code     0  libshutdown2.o(.ARM.Collect$$libshutdown$$0000000E)
    __rt_lib_shutdown_return                 0x08000179   Thumb Code     0  libshutdown2.o(.ARM.Collect$$libshutdown$$0000000F)
    __rt_lib_shutdown_signal_1               0x08000179   Thumb Code     0  libshutdown2.o(.ARM.Collect$$libshutdown$$00000009)
    __rt_lib_shutdown_stdio_1                0x08000179   Thumb Code     0  libshutdown2.o(.ARM.Collect$$libshutdown$$00000003)
    __rt_lib_shutdown_user_alloc_1           0x08000179   Thumb Code     0  libshutdown2.o(.ARM.Collect$$libshutdown$$0000000B)
    __rt_entry                               0x0800017b   Thumb Code     0  __rtentry.o(.ARM.Collect$$rtentry$$00000000)
    __rt_entry_presh_1                       0x0800017b   Thumb Code     0  __rtentry2.o(.ARM.Collect$$rtentry$$00000002)
    __rt_entry_sh                            0x0800017b   Thumb Code     0  __rtentry4.o(.ARM.Collect$$rtentry$$00000004)
    __rt_entry_li                            0x08000181   Thumb Code     0  __rtentry2.o(.ARM.Collect$$rtentry$$0000000A)
    __rt_entry_postsh_1                      0x08000181   Thumb Code     0  __rtentry2.o(.ARM.Collect$$rtentry$$00000009)
    __rt_entry_main                          0x08000185   Thumb Code     0  __rtentry2.o(.ARM.Collect$$rtentry$$0000000D)
    __rt_entry_postli_1                      0x08000185   Thumb Code     0  __rtentry2.o(.ARM.Collect$$rtentry$$0000000C)
    __rt_exit                                0x0800018d   Thumb Code     0  rtexit.o(.ARM.Collect$$rtexit$$00000000)
    __rt_exit_ls                             0x0800018f   Thumb Code     0  rtexit2.o(.ARM.Collect$$rtexit$$00000003)
    __rt_exit_prels_1                        0x0800018f   Thumb Code     0  rtexit2.o(.ARM.Collect$$rtexit$$00000002)
    __rt_exit_exit                           0x08000193   Thumb Code     0  rtexit2.o(.ARM.Collect$$rtexit$$00000004)
    Reset_Handler                            0x08000199   Thumb Code     8  startup_stm32f10x_md.o(.text)
    _maybe_terminate_alloc                   0x08000199   Thumb Code     0  maybetermalloc1.o(.emb_text)
    NMI_Handler                              0x080001a1   Thumb Code     2  startup_stm32f10x_md.o(.text)
    HardFault_Handler                        0x080001a3   Thumb Code     2  startup_stm32f10x_md.o(.text)
    MemManage_Handler                        0x080001a5   Thumb Code     2  startup_stm32f10x_md.o(.text)
    BusFault_Handler                         0x080001a7   Thumb Code     2  startup_stm32f10x_md.o(.text)
    UsageFault_Handler                       0x080001a9   Thumb Code     2  startup_stm32f10x_md.o(.text)
    SVC_Handler                              0x080001ab   Thumb Code     2  startup_stm32f10x_md.o(.text)
    DebugMon_Handler                         0x080001ad   Thumb Code     2  startup_stm32f10x_md.o(.text)
    PendSV_Handler                           0x080001af   Thumb Code     2  startup_stm32f10x_md.o(.text)
    ADC1_2_IRQHandler                        0x080001b3   Thumb Code     0  startup_stm32f10x_md.o(.text)
    CAN1_RX1_IRQHandler                      0x080001b3   Thumb Code     0  startup_stm32f10x_md.o(.text)
    CAN1_SCE_IRQHandler                      0x080001b3   Thumb Code     0  startup_stm32f10x_md.o(.text)
    DMA1_Channel1_IRQHandler                 0x080001b3   Thumb Code     0  startup_stm32f10x_md.o(.text)
    DMA1_Channel3_IRQHandler                 0x080001b3   Thumb Code     0  startup_stm32f10x_md.o(.text)
    DMA1_Channel5_IRQHandler                 0x080001b3   Thumb Code     0  startup_stm32f10x_md.o(.text)
    DMA1_Channel6_IRQHandler                 0x080001b3   Thumb Code     0  startup_stm32f10x_md.o(.text)
    FLASH_IRQHandler                         0x080001b3   Thumb Code     0  startup_stm32f10x_md.o(.text)
    I2C1_ER_IRQHandler                       0x080001b3   Thumb Code     0  startup_stm32f10x_md.o(.text)
    I2C1_EV_IRQHandler                       0x080001b3   Thumb Code     0  startup_stm32f10x_md.o(.text)
    I2C2_ER_IRQHandler                       0x080001b3   Thumb Code     0  startup_stm32f10x_md.o(.text)
    I2C2_EV_IRQHandler                       0x080001b3   Thumb Code     0  startup_stm32f10x_md.o(.text)
    PVD_IRQHandler                           0x080001b3   Thumb Code     0  startup_stm32f10x_md.o(.text)
    RCC_IRQHandler                           0x080001b3   Thumb Code     0  startup_stm32f10x_md.o(.text)
    RTCAlarm_IRQHandler                      0x080001b3   Thumb Code     0  startup_stm32f10x_md.o(.text)
    RTC_IRQHandler                           0x080001b3   Thumb Code     0  startup_stm32f10x_md.o(.text)
    SPI1_IRQHandler                          0x080001b3   Thumb Code     0  startup_stm32f10x_md.o(.text)
    SPI2_IRQHandler                          0x080001b3   Thumb Code     0  startup_stm32f10x_md.o(.text)
    TAMPER_IRQHandler                        0x080001b3   Thumb Code     0  startup_stm32f10x_md.o(.text)
    TIM1_BRK_IRQHandler                      0x080001b3   Thumb Code     0  startup_stm32f10x_md.o(.text)
    TIM1_CC_IRQHandler                       0x080001b3   Thumb Code     0  startup_stm32f10x_md.o(.text)
    TIM1_TRG_COM_IRQHandler                  0x080001b3   Thumb Code     0  startup_stm32f10x_md.o(.text)
    TIM1_UP_IRQHandler                       0x080001b3   Thumb Code     0  startup_stm32f10x_md.o(.text)
    TIM2_IRQHandler                          0x080001b3   Thumb Code     0  startup_stm32f10x_md.o(.text)
    TIM3_IRQHandler                          0x080001b3   Thumb Code     0  startup_stm32f10x_md.o(.text)
    TIM4_IRQHandler                          0x080001b3   Thumb Code     0  startup_stm32f10x_md.o(.text)
    USBWakeUp_IRQHandler                     0x080001b3   Thumb Code     0  startup_stm32f10x_md.o(.text)
    USB_HP_CAN1_TX_IRQHandler                0x080001b3   Thumb Code     0  startup_stm32f10x_md.o(.text)
    USB_LP_CAN1_RX0_IRQHandler               0x080001b3   Thumb Code     0  startup_stm32f10x_md.o(.text)
    WWDG_IRQHandler                          0x080001b3   Thumb Code     0  startup_stm32f10x_md.o(.text)
    __user_initial_stackheap                 0x080001b5   Thumb Code     0  startup_stm32f10x_md.o(.text)
    __aeabi_memcpy4                          0x080001d9   Thumb Code     0  rt_memcpy_w.o(.text)
    __aeabi_memcpy8                          0x080001d9   Thumb Code     0  rt_memcpy_w.o(.text)
    __rt_memcpy_w                            0x080001d9   Thumb Code   100  rt_memcpy_w.o(.text)
    _memcpy_lastbytes_aligned                0x08000221   Thumb Code     0  rt_memcpy_w.o(.text)
    __use_two_region_memory                  0x0800023d   Thumb Code     2  heapauxi.o(.text)
    __rt_heap_escrow                         0x0800023f   Thumb Code     2  heapauxi.o(.text)
    __rt_heap_expand                         0x08000241   Thumb Code     2  heapauxi.o(.text)
    __cpp_initialize__aeabi_                 0x08000245   Thumb Code    26  init_aeabi.o(.text)
    __rt_ddtor_pointer_addr                  0x08000269   Thumb Code     8  rt_ddtor_pointer_addr_intlibspace.o(.text)
    malloc                                   0x08000271   Thumb Code    94  h1_alloc.o(.text)
    __user_libspace                          0x080002d1   Thumb Code     8  libspace.o(.text)
    __user_perproc_libspace                  0x080002d1   Thumb Code     0  libspace.o(.text)
    __user_perthread_libspace                0x080002d1   Thumb Code     0  libspace.o(.text)
    __rt_heap_descriptor                     0x080002d9   Thumb Code     8  rt_heap_descriptor_intlibspace.o(.text)
    __use_no_heap                            0x080002e1   Thumb Code     2  hguard.o(.text)
    __heap$guard                             0x080002e3   Thumb Code     2  hguard.o(.text)
    _terminate_user_alloc                    0x080002e5   Thumb Code     2  init_alloc.o(.text)
    _init_user_alloc                         0x080002e7   Thumb Code     2  init_alloc.o(.text)
    __Heap_Full                              0x080002e9   Thumb Code    34  init_alloc.o(.text)
    __Heap_Broken                            0x0800030b   Thumb Code     6  init_alloc.o(.text)
    _init_alloc                              0x08000311   Thumb Code    94  init_alloc.o(.text)
    __Heap_Initialize                        0x0800036f   Thumb Code    10  h1_init.o(.text)
    __Heap_DescSize                          0x08000379   Thumb Code     4  h1_init.o(.text)
    free                                     0x0800037d   Thumb Code    78  h1_free.o(.text)
    __sig_exit                               0x080003cb   Thumb Code    10  defsig_exit.o(.text)
    _sys_exit                                0x080003d5   Thumb Code     8  sys_exit.o(.text)
    __user_setup_stackheap                   0x080003e1   Thumb Code    74  sys_stackheap_outer.o(.text)
    __Heap_ProvideMemory                     0x0800042b   Thumb Code    52  h1_extend.o(.text)
    exit                                     0x0800045f   Thumb Code    12  exit.o(.text)
    __default_signal_display                 0x0800046b   Thumb Code    50  defsig_general.o(.text)
    __rt_SIGRTMEM                            0x0800049d   Thumb Code    14  defsig_rtmem_outer.o(.text)
    _ttywrch                                 0x080004ab   Thumb Code    14  sys_wrch.o(.text)
    __I$use$semihosting                      0x080004b9   Thumb Code     0  use_no_semi.o(.text)
    __use_no_semihosting_swi                 0x080004b9   Thumb Code     2  use_no_semi.o(.text)
    __semihosting_library_function           0x080004bb   Thumb Code     0  indicate_semi.o(.text)
    __rt_SIGRTMEM_inner                      0x080004bd   Thumb Code    22  defsig_rtmem_inner.o(.text)
    DMA1_Channel2_IRQHandler                 0x0800050d   Thumb Code    18  interrupt.o(i.DMA1_Channel2_IRQHandler)
    DMA1_Channel4_IRQHandler                 0x08000525   Thumb Code    18  interrupt.o(i.DMA1_Channel4_IRQHandler)
    DMA1_Channel7_IRQHandler                 0x0800053d   Thumb Code    18  interrupt.o(i.DMA1_Channel7_IRQHandler)
    DMA_ClearFlag                            0x08000555   Thumb Code    18  stm32f10x_dma.o(i.DMA_ClearFlag)
    DMA_ClearITPendingBit                    0x08000571   Thumb Code    18  stm32f10x_dma.o(i.DMA_ClearITPendingBit)
    DMA_Cmd                                  0x0800058d   Thumb Code    24  stm32f10x_dma.o(i.DMA_Cmd)
    DMA_GetFlagStatus                        0x080005a5   Thumb Code    36  stm32f10x_dma.o(i.DMA_GetFlagStatus)
    DMA_Init                                 0x080005d1   Thumb Code    60  stm32f10x_dma.o(i.DMA_Init)
    EXTI0_IRQHandler                         0x0800060d   Thumb Code    10  interrupt.o(i.EXTI0_IRQHandler)
    EXTI15_10_IRQHandler                     0x08000617   Thumb Code   112  interrupt.o(i.EXTI15_10_IRQHandler)
    EXTI1_IRQHandler                         0x08000687   Thumb Code    10  interrupt.o(i.EXTI1_IRQHandler)
    EXTI2_IRQHandler                         0x08000691   Thumb Code    10  interrupt.o(i.EXTI2_IRQHandler)
    EXTI3_IRQHandler                         0x0800069b   Thumb Code    10  interrupt.o(i.EXTI3_IRQHandler)
    EXTI4_IRQHandler                         0x080006a5   Thumb Code    18  interrupt.o(i.EXTI4_IRQHandler)
    EXTI9_5_IRQHandler                       0x080006bd   Thumb Code    82  interrupt.o(i.EXTI9_5_IRQHandler)
    EXTI_ClearITPendingBit                   0x08000711   Thumb Code     6  stm32f10x_exti.o(i.EXTI_ClearITPendingBit)
    EXTI_GetITStatus                         0x0800071d   Thumb Code    34  stm32f10x_exti.o(i.EXTI_GetITStatus)
    EXTI_Init                                0x08000745   Thumb Code   142  stm32f10x_exti.o(i.EXTI_Init)
    FLASH_ClearFlag                          0x080007d9   Thumb Code     6  stm32f10x_flash.o(i.FLASH_ClearFlag)
    FLASH_ErasePage                          0x080007e5   Thumb Code    72  stm32f10x_flash.o(i.FLASH_ErasePage)
    FLASH_GetBank1Status                     0x08000831   Thumb Code    48  stm32f10x_flash.o(i.FLASH_GetBank1Status)
    FLASH_Lock                               0x08000865   Thumb Code    14  stm32f10x_flash.o(i.FLASH_Lock)
    FLASH_ProgramHalfWord                    0x08000879   Thumb Code    60  stm32f10x_flash.o(i.FLASH_ProgramHalfWord)
    FLASH_ProgramWord                        0x080008b9   Thumb Code   102  stm32f10x_flash.o(i.FLASH_ProgramWord)
    FLASH_Unlock                             0x08000925   Thumb Code    12  stm32f10x_flash.o(i.FLASH_Unlock)
    FLASH_WaitForLastOperation               0x0800093d   Thumb Code    38  stm32f10x_flash.o(i.FLASH_WaitForLastOperation)
    GPIO_EXTILineConfig                      0x08000965   Thumb Code    60  stm32f10x_gpio.o(i.GPIO_EXTILineConfig)
    GPIO_Init                                0x080009a5   Thumb Code   278  stm32f10x_gpio.o(i.GPIO_Init)
    GPIO_PinRemapConfig                      0x08000abd   Thumb Code   138  stm32f10x_gpio.o(i.GPIO_PinRemapConfig)
    GPIO_ReadInputDataBit                    0x08000b4d   Thumb Code    18  stm32f10x_gpio.o(i.GPIO_ReadInputDataBit)
    GPIO_ResetBits                           0x08000b5f   Thumb Code     4  stm32f10x_gpio.o(i.GPIO_ResetBits)
    GPIO_SetBits                             0x08000b63   Thumb Code     4  stm32f10x_gpio.o(i.GPIO_SetBits)
    NVIC_Init                                0x08000b69   Thumb Code   100  misc.o(i.NVIC_Init)
    NVIC_PriorityGroupConfig                 0x08000bd9   Thumb Code    10  misc.o(i.NVIC_PriorityGroupConfig)
    RCC_AHBPeriphClockCmd                    0x08000bed   Thumb Code    26  stm32f10x_rcc.o(i.RCC_AHBPeriphClockCmd)
    RCC_APB1PeriphClockCmd                   0x08000c0d   Thumb Code    26  stm32f10x_rcc.o(i.RCC_APB1PeriphClockCmd)
    RCC_APB2PeriphClockCmd                   0x08000c2d   Thumb Code    26  stm32f10x_rcc.o(i.RCC_APB2PeriphClockCmd)
    RCC_GetClocksFreq                        0x08000c4d   Thumb Code   192  stm32f10x_rcc.o(i.RCC_GetClocksFreq)
    SysTick_Handler                          0x08000e09   Thumb Code    20  taskmanager.o(i.SysTick_Handler)
    SystemInit                               0x08000e29   Thumb Code    78  system_stm32f10x.o(i.SystemInit)
    USART1_IRQHandler                        0x08000e89   Thumb Code    18  interrupt.o(i.USART1_IRQHandler)
    USART2_IRQHandler                        0x08000ea1   Thumb Code    18  interrupt.o(i.USART2_IRQHandler)
    USART3_IRQHandler                        0x08000eb9   Thumb Code    18  interrupt.o(i.USART3_IRQHandler)
    USART_ClearITPendingBit                  0x08000ed1   Thumb Code    30  stm32f10x_usart.o(i.USART_ClearITPendingBit)
    USART_Cmd                                0x08000eef   Thumb Code    24  stm32f10x_usart.o(i.USART_Cmd)
    USART_DMACmd                             0x08000f07   Thumb Code    18  stm32f10x_usart.o(i.USART_DMACmd)
    USART_GetFlagStatus                      0x08000f19   Thumb Code    26  stm32f10x_usart.o(i.USART_GetFlagStatus)
    USART_GetITStatus                        0x08000f33   Thumb Code    84  stm32f10x_usart.o(i.USART_GetITStatus)
    USART_ITConfig                           0x08000f87   Thumb Code    74  stm32f10x_usart.o(i.USART_ITConfig)
    USART_Init                               0x08000fd1   Thumb Code   210  stm32f10x_usart.o(i.USART_Init)
    USART_ReceiveData                        0x080010a9   Thumb Code    10  stm32f10x_usart.o(i.USART_ReceiveData)
    USART_SendData                           0x080010b3   Thumb Code     8  stm32f10x_usart.o(i.USART_SendData)
    WifiMemory::LoadSaveInfo()               0x080010bb   Thumb Code   100  wifi_memory.o(i._ZN10WifiMemory12LoadSaveInfoEv)
    WifiMemory::UpdataSaveInfo()             0x0800111f   Thumb Code    64  wifi_memory.o(i._ZN10WifiMemory14UpdataSaveInfoEv)
    WifiMemory::WifiMemory(Memory&)          0x0800115f   Thumb Code    18  wifi_memory.o(i._ZN10WifiMemoryC1ER6Memory)
    WifiMemory::WifiMemory__sub_object(Memory&) 0x0800115f   Thumb Code     0  wifi_memory.o(i._ZN10WifiMemoryC1ER6Memory)
    TaskManager::Time()                      0x08001171   Thumb Code   110  taskmanager.o(i._ZN11TaskManager4TimeEv)
    TaskManager::DelayMs(unsigned short)     0x08001201   Thumb Code    70  taskmanager.o(i._ZN11TaskManager7DelayMsEt)
    TaskManager::DelayUs(unsigned short)     0x0800124d   Thumb Code    70  taskmanager.o(i._ZN11TaskManager7DelayUsEt)
    TaskManager::ClockTool(double&, double)  0x08001299   Thumb Code    62  taskmanager.o(i._ZN11TaskManager9ClockToolERdd)
    TaskManager::TaskManager()               0x080012d9   Thumb Code    32  taskmanager.o(i._ZN11TaskManagerC1Ev)
    TaskManager::TaskManager__sub_object()   0x080012d9   Thumb Code     0  taskmanager.o(i._ZN11TaskManagerC1Ev)
    Transmission::Transmission()             0x080012fd   Thumb Code    28  transmission.o(i._ZN12TransmissionC1Ev)
    Transmission::Transmission__sub_object() 0x080012fd   Thumb Code     0  transmission.o(i._ZN12TransmissionC1Ev)
    InputCapture_EXIT::InitdataTime()        0x08001319   Thumb Code    38  inputcapture_exit.o(i._ZN17InputCapture_EXIT12InitdataTimeEv)
    InputCapture_EXIT::IRQ()                 0x08001341   Thumb Code   228  inputcapture_exit.o(i._ZN17InputCapture_EXIT3IRQEv)
    InputCapture_EXIT::Close()               0x0800143d   Thumb Code    46  inputcapture_exit.o(i._ZN17InputCapture_EXIT5CloseEv)
    InputCapture_EXIT::Start()               0x0800146b   Thumb Code    46  inputcapture_exit.o(i._ZN17InputCapture_EXIT5StartEv)
    InputCapture_EXIT::InputCapture_EXIT(GPIO_TypeDef*, unsigned char, unsigned char, unsigned char, unsigned char) 0x08001499   Thumb Code   422  inputcapture_exit.o(i._ZN17InputCapture_EXITC1EP12GPIO_TypeDefhhhh)
    InputCapture_EXIT::InputCapture_EXIT__sub_object(GPIO_TypeDef*, unsigned char, unsigned char, unsigned char, unsigned char) 0x08001499   Thumb Code     0  inputcapture_exit.o(i._ZN17InputCapture_EXITC1EP12GPIO_TypeDefhhhh)
    GPIO::ChangeMode(GPIOMode_TypeDef)       0x08001661   Thumb Code    38  gpio.o(i._ZN4GPIO10ChangeModeE16GPIOMode_TypeDef)
    GPIO::RCC_Configuration()                0x0800168d   Thumb Code   130  gpio.o(i._ZN4GPIO17RCC_ConfigurationEv)
    GPIO::GetLevel()                         0x0800172d   Thumb Code    28  gpio.o(i._ZN4GPIO8GetLevelEv)
    GPIO::SetLevel(unsigned char)            0x0800174d   Thumb Code    42  gpio.o(i._ZN4GPIO8SetLevelEh)
    GPIO::GPIO(GPIO_TypeDef*, unsigned short, GPIOMode_TypeDef, GPIOSpeed_TypeDef) 0x0800177d   Thumb Code    64  gpio.o(i._ZN4GPIOC1EP12GPIO_TypeDeft16GPIOMode_TypeDef17GPIOSpeed_TypeDef)
    GPIO::GPIO__sub_object(GPIO_TypeDef*, unsigned short, GPIOMode_TypeDef, GPIOSpeed_TypeDef) 0x0800177d   Thumb Code     0  gpio.o(i._ZN4GPIOC1EP12GPIO_TypeDeft16GPIOMode_TypeDef17GPIOSpeed_TypeDef)
    hint::hint(GPIO, GPIO)                   0x080017c1   Thumb Code    24  hint.o(i._ZN4hintC1E4GPIOS0_)
    hint::hint__sub_object(GPIO, GPIO)       0x080017c1   Thumb Code     0  hint.o(i._ZN4hintC1E4GPIOS0_)
    USART::Irq()                             0x080017d9   Thumb Code   200  usart.o(i._ZN5USART3IrqEv)
    USART::DmaIrq()                          0x080018a9   Thumb Code   134  usart.o(i._ZN5USART6DmaIrqEv)
    USART::SendData(unsigned char*, unsigned) 0x08001931   Thumb Code   208  usart.o(i._ZN5USART8SendDataEPhj)
    USART::USART(unsigned char, unsigned, bool, unsigned char, unsigned char, unsigned char, unsigned char, unsigned char, unsigned short, unsigned short, unsigned short) 0x08001a05   Thumb Code   870  usart.o(i._ZN5USARTC1Ehjbhhhhhttt)
    USART::USART__sub_object(unsigned char, unsigned, bool, unsigned char, unsigned char, unsigned char, unsigned char, unsigned char, unsigned short, unsigned short, unsigned short) 0x08001a05   Thumb Code     0  usart.o(i._ZN5USARTC1Ehjbhhhhhttt)
    USART::~USART()                          0x08001d9d   Thumb Code    54  usart.o(i._ZN5USARTD1Ev)
    USART::~USART__sub_object()              0x08001d9d   Thumb Code     0  usart.o(i._ZN5USARTD1Ev)
    USART::operator <<(const char*)          0x08001ded   Thumb Code    36  usart.o(i._ZN5USARTlsEPKc)
    USART::operator <<(int)                  0x08001e11   Thumb Code    94  usart.o(i._ZN5USARTlsEi)
    AM2302::Data_Low_8()                     0x08001e6f   Thumb Code     6  am2302.o(i._ZN6AM230210Data_Low_8Ev)
    AM2302::DHT22_PortIN()                   0x08001e75   Thumb Code    16  am2302.o(i._ZN6AM230212DHT22_PortINEv)
    AM2302::Data_Hight_8()                   0x08001e85   Thumb Code     6  am2302.o(i._ZN6AM230212Data_Hight_8Ev)
    AM2302::DHT22_PortOUT()                  0x08001e8b   Thumb Code    16  am2302.o(i._ZN6AM230213DHT22_PortOUTEv)
    AM2302::get_DHT22data_Byte()             0x08001e9d   Thumb Code   134  am2302.o(i._ZN6AM230218get_DHT22data_ByteEv)
    AM2302::Updata()                         0x08001f2d   Thumb Code   118  am2302.o(i._ZN6AM23026UpdataEv)
    AM2302::getData()                        0x08001fa5   Thumb Code   168  am2302.o(i._ZN6AM23027getDataEv)
    AM2302::AM2302(GPIO, InputCapture_EXIT*) 0x08002051   Thumb Code    46  am2302.o(i._ZN6AM2302C1E4GPIOP17InputCapture_EXIT)
    AM2302::AM2302__sub_object(GPIO, InputCapture_EXIT*) 0x08002051   Thumb Code     0  am2302.o(i._ZN6AM2302C1E4GPIOP17InputCapture_EXIT)
    Memory::Read(unsigned short, unsigned short, unsigned short*, unsigned short) 0x08002089   Thumb Code    76  memory.o(i._ZN6Memory4ReadEttPtt)
    Memory::Write(unsigned short, unsigned short, unsigned short*, unsigned short) 0x080020d5   Thumb Code   168  memory.o(i._ZN6Memory5WriteEttPtt)
    Memory::Memory(unsigned, bool)           0x0800217d   Thumb Code    22  memory.o(i._ZN6MemoryC1Ejb)
    Memory::Memory__sub_object(unsigned, bool) 0x0800217d   Thumb Code     0  memory.o(i._ZN6MemoryC1Ejb)
    esp8266::esp8266(USART&)                 0x08002193   Thumb Code     4  esp8266.o(i._ZN7esp8266C1ER5USART)
    esp8266::esp8266__sub_object(USART&)     0x08002193   Thumb Code     0  esp8266.o(i._ZN7esp8266C1ER5USART)
    __aeabi_atexit                           0x08002197   Thumb Code    50  aeabi_atexit.o(i.__aeabi_atexit)
    __cxa_finalize                           0x080021c9   Thumb Code    66  cxa_finalize.o(i.__cxa_finalize)
    main                                     0x08002395   Thumb Code    80  main.o(i.main)
    FIFOBuffer<unsigned char, (unsigned short)50>::Get(unsigned char&) 0x080023fd   Thumb Code    48  usart.o(t._ZN10FIFOBufferIhLt50EE3GetERh)
    FIFOBuffer<unsigned char, (unsigned short)50>::Put(const unsigned char&) 0x0800242d   Thumb Code    52  usart.o(t._ZN10FIFOBufferIhLt50EE3PutERKh)
    FIFOBuffer<unsigned char, (unsigned short)50>::Gets(unsigned char*, unsigned short) 0x08002461   Thumb Code    62  usart.o(t._ZN10FIFOBufferIhLt50EE4GetsEPht)
    FIFOBuffer<unsigned char, (unsigned short)50>::Puts(unsigned char*, unsigned short) 0x0800249f   Thumb Code    66  usart.o(t._ZN10FIFOBufferIhLt50EE4PutsEPht)
    FIFOBuffer<unsigned char, (unsigned short)50>::Size() 0x080024e1   Thumb Code     6  usart.o(t._ZN10FIFOBufferIhLt50EE4SizeEv)
    FIFOBuffer<unsigned char, (unsigned short)50>::FIFOBuffer() 0x080024e7   Thumb Code    14  usart.o(t._ZN10FIFOBufferIhLt50EEC1Ev)
    FIFOBuffer<unsigned char, (unsigned short)50>::FIFOBuffer__sub_object() 0x080024e7   Thumb Code     0  usart.o(t._ZN10FIFOBufferIhLt50EEC1Ev)
    __aeabi_dadd                             0x080024f5   Thumb Code     0  daddsub_clz.o(x$fpl$dadd)
    _dadd                                    0x080024f5   Thumb Code   332  daddsub_clz.o(x$fpl$dadd)
    __fpl_dcmp_Inf                           0x08002645   Thumb Code    24  dcmpi.o(x$fpl$dcmpinf)
    __aeabi_ddiv                             0x0800265d   Thumb Code     0  ddiv.o(x$fpl$ddiv)
    _ddiv                                    0x0800265d   Thumb Code   552  ddiv.o(x$fpl$ddiv)
    __aeabi_ui2d                             0x0800290d   Thumb Code     0  dflt_clz.o(x$fpl$dfltu)
    _dfltu                                   0x0800290d   Thumb Code    38  dflt_clz.o(x$fpl$dfltu)
    __aeabi_cdcmple                          0x08002935   Thumb Code     0  dleqf.o(x$fpl$dleqf)
    _dcmple                                  0x08002935   Thumb Code   120  dleqf.o(x$fpl$dleqf)
    __fpl_dcmple_InfNaN                      0x08002997   Thumb Code     0  dleqf.o(x$fpl$dleqf)
    __aeabi_dmul                             0x080029ad   Thumb Code     0  dmul.o(x$fpl$dmul)
    _dmul                                    0x080029ad   Thumb Code   332  dmul.o(x$fpl$dmul)
    __fpl_dnaninf                            0x08002b01   Thumb Code   156  dnaninf.o(x$fpl$dnaninf)
    __fpl_dretinf                            0x08002b9d   Thumb Code    12  dretinf.o(x$fpl$dretinf)
    __aeabi_cdrcmple                         0x08002ba9   Thumb Code     0  drleqf.o(x$fpl$drleqf)
    _drcmple                                 0x08002ba9   Thumb Code   108  drleqf.o(x$fpl$drleqf)
    __aeabi_dsub                             0x08002c15   Thumb Code     0  daddsub_clz.o(x$fpl$dsub)
    _dsub                                    0x08002c15   Thumb Code   464  daddsub_clz.o(x$fpl$dsub)
    GPIO::mPin                               0x08002de8   Data          32  gpio.o(.constdata)
    __I$use$fp                               0x08002de8   Number         0  usenofp.o(x$fpl$usenofp)
    vtable for AM2302                        0x08002e1c   Data          24  am2302.o(.constdata__ZTV6AM2302)
    vtable for Senser                        0x08002e34   Data          24  am2302.o(.constdata__ZTV6Senser)
    Region$$Table$$Base                      0x08002e4c   Number         0  anon$$obj.o(Region$$Table)
    Region$$Table$$Limit                     0x08002e6c   Number         0  anon$$obj.o(Region$$Table)
    SHT$$INIT_ARRAY$$Base                    0x08002e6c   Number         0  main.o(.init_array)
    SHT$$INIT_ARRAY$$Limit                   0x08002e78   Number         0  init_aeabi.o(.init_array)
    InfoStore                                0x20000000   Data           8  main.o(.data)
    pUSART1                                  0x20000008   Data           4  interrupt.o(.data)
    pUSART2                                  0x2000000c   Data           4  interrupt.o(.data)
    pUSART3                                  0x20000010   Data           4  interrupt.o(.data)
    pICPExt4                                 0x20000014   Data           4  interrupt.o(.data)
    tskmgr                                   0x20000018   Data           1  taskmanager.o(.data)
    TaskManager::_new_time                   0x20000020   Data           8  taskmanager.o(.data)
    TaskManager::_old_time                   0x20000028   Data           8  taskmanager.o(.data)
    TaskManager::_it_time                    0x20000030   Data           8  taskmanager.o(.data)
    com                                      0x20000060   Data         156  main.o(.bss)
    WIFI                                     0x200000fc   Data         156  main.o(.bss)
    equipment                                0x20000198   Data         156  main.o(.bss)
    Beep                                     0x20000234   Data          12  main.o(.bss)
    Led                                      0x20000240   Data          12  main.o(.bss)
    wifimemory                               0x2000024c   Data          16  main.o(.bss)
    datapin                                  0x2000025c   Data          12  main.o(.bss)
    ch1                                      0x20000268   Data         904  main.o(.bss)
    am2302                                   0x200005f0   Data          32  main.o(.bss)
    wifi                                     0x20000610   Data        1008  main.o(.bss)
    Hint                                     0x20000a00   Data          24  main.o(.bss)
    CMCT_Tool                                0x20000a18   Data          40  transmission.o(.bss)
    __libspace_start                         0x20000a40   Data          96  libspace.o(.bss)
    __temporary_stack_top$libspace           0x20000aa0   Data           0  libspace.o(.bss)



==============================================================================

Memory Map of the image

  Image Entry point : 0x080000ed

  Load Region LR_IROM1 (Base: 0x08000000, Size: 0x00002ed8, Max: 0x00010000, ABSOLUTE)

    Execution Region ER_IROM1 (Base: 0x08000000, Size: 0x00002e78, Max: 0x00010000, ABSOLUTE)

    Base Addr    Size         Type   Attr      Idx    E Section Name        Object

    0x08000000   0x000000ec   Data   RO         2993    RESET               startup_stm32f10x_md.o
    0x080000ec   0x00000008   Code   RO         3059  * !!!main             c_w.l(__main.o)
    0x080000f4   0x00000034   Code   RO         3545    !!!scatter          c_w.l(__scatter.o)
    0x08000128   0x0000001a   Code   RO         3547    !!handler_copy      c_w.l(__scatter_copy.o)
    0x08000142   0x00000002   PAD
    0x08000144   0x0000001c   Code   RO         3549    !!handler_zi        c_w.l(__scatter_zi.o)
    0x08000160   0x00000002   Code   RO         3494    .ARM.Collect$$libinit$$00000000  c_w.l(libinit.o)
    0x08000162   0x00000000   Code   RO         3286    .ARM.Collect$$libinit$$00000002  c_w.l(libinit2.o)
    0x08000162   0x00000000   Code   RO         3288    .ARM.Collect$$libinit$$00000004  c_w.l(libinit2.o)
    0x08000162   0x00000008   Code   RO         3289    .ARM.Collect$$libinit$$00000005  c_w.l(libinit2.o)
    0x0800016a   0x00000000   Code   RO         3291    .ARM.Collect$$libinit$$0000000A  c_w.l(libinit2.o)
    0x0800016a   0x00000000   Code   RO         3293    .ARM.Collect$$libinit$$0000000C  c_w.l(libinit2.o)
    0x0800016a   0x00000000   Code   RO         3295    .ARM.Collect$$libinit$$0000000E  c_w.l(libinit2.o)
    0x0800016a   0x00000000   Code   RO         3298    .ARM.Collect$$libinit$$00000011  c_w.l(libinit2.o)
    0x0800016a   0x00000000   Code   RO         3300    .ARM.Collect$$libinit$$00000013  c_w.l(libinit2.o)
    0x0800016a   0x00000000   Code   RO         3302    .ARM.Collect$$libinit$$00000015  c_w.l(libinit2.o)
    0x0800016a   0x00000000   Code   RO         3304    .ARM.Collect$$libinit$$00000017  c_w.l(libinit2.o)
    0x0800016a   0x00000000   Code   RO         3306    .ARM.Collect$$libinit$$00000019  c_w.l(libinit2.o)
    0x0800016a   0x00000000   Code   RO         3308    .ARM.Collect$$libinit$$0000001B  c_w.l(libinit2.o)
    0x0800016a   0x00000000   Code   RO         3310    .ARM.Collect$$libinit$$0000001D  c_w.l(libinit2.o)
    0x0800016a   0x00000000   Code   RO         3312    .ARM.Collect$$libinit$$0000001F  c_w.l(libinit2.o)
    0x0800016a   0x00000000   Code   RO         3314    .ARM.Collect$$libinit$$00000021  c_w.l(libinit2.o)
    0x0800016a   0x00000000   Code   RO         3316    .ARM.Collect$$libinit$$00000023  c_w.l(libinit2.o)
    0x0800016a   0x00000000   Code   RO         3318    .ARM.Collect$$libinit$$00000025  c_w.l(libinit2.o)
    0x0800016a   0x00000000   Code   RO         3322    .ARM.Collect$$libinit$$0000002C  c_w.l(libinit2.o)
    0x0800016a   0x00000000   Code   RO         3324    .ARM.Collect$$libinit$$0000002E  c_w.l(libinit2.o)
    0x0800016a   0x00000000   Code   RO         3326    .ARM.Collect$$libinit$$00000030  c_w.l(libinit2.o)
    0x0800016a   0x00000004   Code   RO         3327    .ARM.Collect$$libinit$$00000031  c_w.l(libinit2.o)
    0x0800016e   0x00000000   Code   RO         3328    .ARM.Collect$$libinit$$00000032  c_w.l(libinit2.o)
    0x0800016e   0x00000002   Code   RO         3329    .ARM.Collect$$libinit$$00000033  c_w.l(libinit2.o)
    0x08000170   0x00000002   Code   RO         3542    .ARM.Collect$$libshutdown$$00000000  c_w.l(libshutdown.o)
    0x08000172   0x00000006   Code   RO         3330    .ARM.Collect$$libshutdown$$00000001  c_w.l(libshutdown2.o)
    0x08000178   0x00000000   Code   RO         3332    .ARM.Collect$$libshutdown$$00000003  c_w.l(libshutdown2.o)
    0x08000178   0x00000000   Code   RO         3335    .ARM.Collect$$libshutdown$$00000006  c_w.l(libshutdown2.o)
    0x08000178   0x00000000   Code   RO         3338    .ARM.Collect$$libshutdown$$00000009  c_w.l(libshutdown2.o)
    0x08000178   0x00000000   Code   RO         3340    .ARM.Collect$$libshutdown$$0000000B  c_w.l(libshutdown2.o)
    0x08000178   0x00000000   Code   RO         3343    .ARM.Collect$$libshutdown$$0000000E  c_w.l(libshutdown2.o)
    0x08000178   0x00000002   Code   RO         3344    .ARM.Collect$$libshutdown$$0000000F  c_w.l(libshutdown2.o)
    0x0800017a   0x00000000   Code   RO         3219    .ARM.Collect$$rtentry$$00000000  c_w.l(__rtentry.o)
    0x0800017a   0x00000000   Code   RO         3381    .ARM.Collect$$rtentry$$00000002  c_w.l(__rtentry2.o)
    0x0800017a   0x00000006   Code   RO         3393    .ARM.Collect$$rtentry$$00000004  c_w.l(__rtentry4.o)
    0x08000180   0x00000000   Code   RO         3383    .ARM.Collect$$rtentry$$00000009  c_w.l(__rtentry2.o)
    0x08000180   0x00000004   Code   RO         3384    .ARM.Collect$$rtentry$$0000000A  c_w.l(__rtentry2.o)
    0x08000184   0x00000000   Code   RO         3386    .ARM.Collect$$rtentry$$0000000C  c_w.l(__rtentry2.o)
    0x08000184   0x00000008   Code   RO         3387    .ARM.Collect$$rtentry$$0000000D  c_w.l(__rtentry2.o)
    0x0800018c   0x00000002   Code   RO         3503    .ARM.Collect$$rtexit$$00000000  c_w.l(rtexit.o)
    0x0800018e   0x00000000   Code   RO         3516    .ARM.Collect$$rtexit$$00000002  c_w.l(rtexit2.o)
    0x0800018e   0x00000004   Code   RO         3517    .ARM.Collect$$rtexit$$00000003  c_w.l(rtexit2.o)
    0x08000192   0x00000006   Code   RO         3518    .ARM.Collect$$rtexit$$00000004  c_w.l(rtexit2.o)
    0x08000198   0x00000000   Code   RO         3464    .emb_text           c_w.l(maybetermalloc1.o)
    0x08000198   0x00000040   Code   RO         2994    .text               startup_stm32f10x_md.o
    0x080001d8   0x00000064   Code   RO         3055    .text               c_w.l(rt_memcpy_w.o)
    0x0800023c   0x00000006   Code   RO         3057    .text               c_w.l(heapauxi.o)
    0x08000242   0x00000002   PAD
    0x08000244   0x00000024   Code   RO         3064    .text               c_w.l(init_aeabi.o)
    0x08000268   0x00000008   Code   RO         3223    .text               c_w.l(rt_ddtor_pointer_addr_intlibspace.o)
    0x08000270   0x0000005e   Code   RO         3227    .text               c_w.l(h1_alloc.o)
    0x080002ce   0x00000002   PAD
    0x080002d0   0x00000008   Code   RO         3375    .text               c_w.l(libspace.o)
    0x080002d8   0x00000008   Code   RO         3400    .text               c_w.l(rt_heap_descriptor_intlibspace.o)
    0x080002e0   0x00000004   Code   RO         3402    .text               c_w.l(hguard.o)
    0x080002e4   0x0000008a   Code   RO         3404    .text               c_w.l(init_alloc.o)
    0x0800036e   0x0000000e   Code   RO         3410    .text               c_w.l(h1_init.o)
    0x0800037c   0x0000004e   Code   RO         3412    .text               c_w.l(h1_free.o)
    0x080003ca   0x0000000a   Code   RO         3428    .text               c_w.l(defsig_exit.o)
    0x080003d4   0x0000000c   Code   RO         3453    .text               c_w.l(sys_exit.o)
    0x080003e0   0x0000004a   Code   RO         3455    .text               c_w.l(sys_stackheap_outer.o)
    0x0800042a   0x00000034   Code   RO         3466    .text               c_w.l(h1_extend.o)
    0x0800045e   0x0000000c   Code   RO         3470    .text               c_w.l(exit.o)
    0x0800046a   0x00000032   Code   RO         3476    .text               c_w.l(defsig_general.o)
    0x0800049c   0x0000000e   Code   RO         3478    .text               c_w.l(defsig_rtmem_outer.o)
    0x080004aa   0x0000000e   Code   RO         3498    .text               c_w.l(sys_wrch.o)
    0x080004b8   0x00000002   Code   RO         3500    .text               c_w.l(use_no_semi.o)
    0x080004ba   0x00000000   Code   RO         3502    .text               c_w.l(indicate_semi.o)
    0x080004ba   0x00000002   PAD
    0x080004bc   0x00000050   Code   RO         3511    .text               c_w.l(defsig_rtmem_inner.o)
    0x0800050c   0x00000018   Code   RO          731    i.DMA1_Channel2_IRQHandler  interrupt.o
    0x08000524   0x00000018   Code   RO          732    i.DMA1_Channel4_IRQHandler  interrupt.o
    0x0800053c   0x00000018   Code   RO          733    i.DMA1_Channel7_IRQHandler  interrupt.o
    0x08000554   0x0000001c   Code   RO         1568    i.DMA_ClearFlag     stm32f10x_dma.o
    0x08000570   0x0000001c   Code   RO         1569    i.DMA_ClearITPendingBit  stm32f10x_dma.o
    0x0800058c   0x00000018   Code   RO         1570    i.DMA_Cmd           stm32f10x_dma.o
    0x080005a4   0x0000002c   Code   RO         1573    i.DMA_GetFlagStatus  stm32f10x_dma.o
    0x080005d0   0x0000003c   Code   RO         1576    i.DMA_Init          stm32f10x_dma.o
    0x0800060c   0x0000000a   Code   RO          734    i.EXTI0_IRQHandler  interrupt.o
    0x08000616   0x00000070   Code   RO          735    i.EXTI15_10_IRQHandler  interrupt.o
    0x08000686   0x0000000a   Code   RO          736    i.EXTI1_IRQHandler  interrupt.o
    0x08000690   0x0000000a   Code   RO          737    i.EXTI2_IRQHandler  interrupt.o
    0x0800069a   0x0000000a   Code   RO          738    i.EXTI3_IRQHandler  interrupt.o
    0x080006a4   0x00000018   Code   RO          739    i.EXTI4_IRQHandler  interrupt.o
    0x080006bc   0x00000052   Code   RO          740    i.EXTI9_5_IRQHandler  interrupt.o
    0x0800070e   0x00000002   PAD
    0x08000710   0x0000000c   Code   RO         1653    i.EXTI_ClearITPendingBit  stm32f10x_exti.o
    0x0800071c   0x00000028   Code   RO         1657    i.EXTI_GetITStatus  stm32f10x_exti.o
    0x08000744   0x00000094   Code   RO         1658    i.EXTI_Init         stm32f10x_exti.o
    0x080007d8   0x0000000c   Code   RO         1718    i.FLASH_ClearFlag   stm32f10x_flash.o
    0x080007e4   0x0000004c   Code   RO         1723    i.FLASH_ErasePage   stm32f10x_flash.o
    0x08000830   0x00000034   Code   RO         1724    i.FLASH_GetBank1Status  stm32f10x_flash.o
    0x08000864   0x00000014   Code   RO         1733    i.FLASH_Lock        stm32f10x_flash.o
    0x08000878   0x00000040   Code   RO         1736    i.FLASH_ProgramHalfWord  stm32f10x_flash.o
    0x080008b8   0x0000006c   Code   RO         1738    i.FLASH_ProgramWord  stm32f10x_flash.o
    0x08000924   0x00000018   Code   RO         1741    i.FLASH_Unlock      stm32f10x_flash.o
    0x0800093c   0x00000026   Code   RO         1745    i.FLASH_WaitForLastOperation  stm32f10x_flash.o
    0x08000962   0x00000002   PAD
    0x08000964   0x00000040   Code   RO         1907    i.GPIO_EXTILineConfig  stm32f10x_gpio.o
    0x080009a4   0x00000116   Code   RO         1910    i.GPIO_Init         stm32f10x_gpio.o
    0x08000aba   0x00000002   PAD
    0x08000abc   0x00000090   Code   RO         1912    i.GPIO_PinRemapConfig  stm32f10x_gpio.o
    0x08000b4c   0x00000012   Code   RO         1914    i.GPIO_ReadInputDataBit  stm32f10x_gpio.o
    0x08000b5e   0x00000004   Code   RO         1917    i.GPIO_ResetBits    stm32f10x_gpio.o
    0x08000b62   0x00000004   Code   RO         1918    i.GPIO_SetBits      stm32f10x_gpio.o
    0x08000b66   0x00000002   PAD
    0x08000b68   0x00000070   Code   RO         1232    i.NVIC_Init         misc.o
    0x08000bd8   0x00000014   Code   RO         1233    i.NVIC_PriorityGroupConfig  misc.o
    0x08000bec   0x00000020   Code   RO         2031    i.RCC_AHBPeriphClockCmd  stm32f10x_rcc.o
    0x08000c0c   0x00000020   Code   RO         2032    i.RCC_APB1PeriphClockCmd  stm32f10x_rcc.o
    0x08000c2c   0x00000020   Code   RO         2034    i.RCC_APB2PeriphClockCmd  stm32f10x_rcc.o
    0x08000c4c   0x000000d4   Code   RO         2042    i.RCC_GetClocksFreq  stm32f10x_rcc.o
    0x08000d20   0x00000008   Code   RO         3001    i.SetSysClock       system_stm32f10x.o
    0x08000d28   0x000000e0   Code   RO         3002    i.SetSysClockTo72   system_stm32f10x.o
    0x08000e08   0x00000020   Code   RO          927    i.SysTick_Handler   taskmanager.o
    0x08000e28   0x00000060   Code   RO         3004    i.SystemInit        system_stm32f10x.o
    0x08000e88   0x00000018   Code   RO          741    i.USART1_IRQHandler  interrupt.o
    0x08000ea0   0x00000018   Code   RO          742    i.USART2_IRQHandler  interrupt.o
    0x08000eb8   0x00000018   Code   RO          743    i.USART3_IRQHandler  interrupt.o
    0x08000ed0   0x0000001e   Code   RO         2803    i.USART_ClearITPendingBit  stm32f10x_usart.o
    0x08000eee   0x00000018   Code   RO         2806    i.USART_Cmd         stm32f10x_usart.o
    0x08000f06   0x00000012   Code   RO         2807    i.USART_DMACmd      stm32f10x_usart.o
    0x08000f18   0x0000001a   Code   RO         2809    i.USART_GetFlagStatus  stm32f10x_usart.o
    0x08000f32   0x00000054   Code   RO         2810    i.USART_GetITStatus  stm32f10x_usart.o
    0x08000f86   0x0000004a   Code   RO         2812    i.USART_ITConfig    stm32f10x_usart.o
    0x08000fd0   0x000000d8   Code   RO         2813    i.USART_Init        stm32f10x_usart.o
    0x080010a8   0x0000000a   Code   RO         2820    i.USART_ReceiveData  stm32f10x_usart.o
    0x080010b2   0x00000008   Code   RO         2823    i.USART_SendData    stm32f10x_usart.o
    0x080010ba   0x00000064   Code   RO          229    i._ZN10WifiMemory12LoadSaveInfoEv  wifi_memory.o
    0x0800111e   0x00000040   Code   RO          230    i._ZN10WifiMemory14UpdataSaveInfoEv  wifi_memory.o
    0x0800115e   0x00000012   Code   RO          233    i._ZN10WifiMemoryC1ER6Memory  wifi_memory.o
    0x08001170   0x00000090   Code   RO          928    i._ZN11TaskManager4TimeEv  taskmanager.o
    0x08001200   0x0000004c   Code   RO          930    i._ZN11TaskManager7DelayMsEt  taskmanager.o
    0x0800124c   0x0000004c   Code   RO          931    i._ZN11TaskManager7DelayUsEt  taskmanager.o
    0x08001298   0x0000003e   Code   RO          932    i._ZN11TaskManager9ClockToolERdd  taskmanager.o
    0x080012d6   0x00000002   PAD
    0x080012d8   0x00000024   Code   RO          933    i._ZN11TaskManagerC1Ev  taskmanager.o
    0x080012fc   0x0000001c   Code   RO          159    i._ZN12TransmissionC1Ev  transmission.o
    0x08001318   0x00000026   Code   RO         1169    i._ZN17InputCapture_EXIT12InitdataTimeEv  inputcapture_exit.o
    0x0800133e   0x00000002   PAD
    0x08001340   0x000000fc   Code   RO         1170    i._ZN17InputCapture_EXIT3IRQEv  inputcapture_exit.o
    0x0800143c   0x0000002e   Code   RO         1171    i._ZN17InputCapture_EXIT5CloseEv  inputcapture_exit.o
    0x0800146a   0x0000002e   Code   RO         1172    i._ZN17InputCapture_EXIT5StartEv  inputcapture_exit.o
    0x08001498   0x000001c8   Code   RO         1174    i._ZN17InputCapture_EXITC1EP12GPIO_TypeDefhhhh  inputcapture_exit.o
    0x08001660   0x0000002c   Code   RO          627    i._ZN4GPIO10ChangeModeE16GPIOMode_TypeDef  gpio.o
    0x0800168c   0x000000a0   Code   RO          628    i._ZN4GPIO17RCC_ConfigurationEv  gpio.o
    0x0800172c   0x00000020   Code   RO          630    i._ZN4GPIO8GetLevelEv  gpio.o
    0x0800174c   0x00000030   Code   RO          631    i._ZN4GPIO8SetLevelEh  gpio.o
    0x0800177c   0x00000044   Code   RO          632    i._ZN4GPIOC1EP12GPIO_TypeDeft16GPIOMode_TypeDef17GPIOSpeed_TypeDef  gpio.o
    0x080017c0   0x00000018   Code   RO          689    i._ZN4hintC1E4GPIOS0_  hint.o
    0x080017d8   0x000000d0   Code   RO         1005    i._ZN5USART3IrqEv   usart.o
    0x080018a8   0x00000086   Code   RO         1006    i._ZN5USART6DmaIrqEv  usart.o
    0x0800192e   0x00000002   PAD
    0x08001930   0x000000d4   Code   RO         1008    i._ZN5USART8SendDataEPhj  usart.o
    0x08001a04   0x00000398   Code   RO         1009    i._ZN5USARTC1Ehjbhhhhhttt  usart.o
    0x08001d9c   0x00000050   Code   RO         1010    i._ZN5USARTD1Ev     usart.o
    0x08001dec   0x00000024   Code   RO         1011    i._ZN5USARTlsEPKc   usart.o
    0x08001e10   0x0000005e   Code   RO         1014    i._ZN5USARTlsEi     usart.o
    0x08001e6e   0x00000006   Code   RO          287    i._ZN6AM230210Data_Low_8Ev  am2302.o
    0x08001e74   0x00000010   Code   RO          288    i._ZN6AM230212DHT22_PortINEv  am2302.o
    0x08001e84   0x00000006   Code   RO          289    i._ZN6AM230212Data_Hight_8Ev  am2302.o
    0x08001e8a   0x00000010   Code   RO          292    i._ZN6AM230213DHT22_PortOUTEv  am2302.o
    0x08001e9a   0x00000002   PAD
    0x08001e9c   0x00000090   Code   RO          295    i._ZN6AM230218get_DHT22data_ByteEv  am2302.o
    0x08001f2c   0x00000076   Code   RO          296    i._ZN6AM23026UpdataEv  am2302.o
    0x08001fa2   0x00000002   PAD
    0x08001fa4   0x000000ac   Code   RO          297    i._ZN6AM23027getDataEv  am2302.o
    0x08002050   0x00000038   Code   RO          298    i._ZN6AM2302C1E4GPIOP17InputCapture_EXIT  am2302.o
    0x08002088   0x0000004c   Code   RO          854    i._ZN6Memory4ReadEttPtt  memory.o
    0x080020d4   0x000000a8   Code   RO          859    i._ZN6Memory5WriteEttPtt  memory.o
    0x0800217c   0x00000016   Code   RO          860    i._ZN6MemoryC1Ejb   memory.o
    0x08002192   0x00000004   Code   RO          456    i._ZN7esp8266C1ER5USART  esp8266.o
    0x08002196   0x00000032   Code   RO         3176    i.__aeabi_atexit    cpprt_w.l(aeabi_atexit.o)
    0x080021c8   0x00000042   Code   RO         3348    i.__cxa_finalize    cpprt_w.l(cxa_finalize.o)
    0x0800220a   0x00000002   PAD
    0x0800220c   0x00000010   Code   RO          934    i.__sti___15_TaskManager_cpp_tskmgr  taskmanager.o
    0x0800221c   0x00000010   Code   RO          160    i.__sti___16_transmission_cpp_4ab4cfbc  transmission.o
    0x0800222c   0x00000168   Code   RO            4    i.__sti___8_main_cpp_com  main.o
    0x08002394   0x00000068   Code   RO            5    i.main              main.o
    0x080023fc   0x00000030   Code   RO         1126    t._ZN10FIFOBufferIhLt50EE3GetERh  usart.o
    0x0800242c   0x00000034   Code   RO         1120    t._ZN10FIFOBufferIhLt50EE3PutERKh  usart.o
    0x08002460   0x0000003e   Code   RO         1138    t._ZN10FIFOBufferIhLt50EE4GetsEPht  usart.o
    0x0800249e   0x00000042   Code   RO         1132    t._ZN10FIFOBufferIhLt50EE4PutsEPht  usart.o
    0x080024e0   0x00000006   Code   RO         1144    t._ZN10FIFOBufferIhLt50EE4SizeEv  usart.o
    0x080024e6   0x0000000e   Code   RO         1114    t._ZN10FIFOBufferIhLt50EEC1Ev  usart.o
    0x080024f4   0x00000150   Code   RO         3181    x$fpl$dadd          fz_ws.l(daddsub_clz.o)
    0x08002644   0x00000018   Code   RO         3364    x$fpl$dcmpinf       fz_ws.l(dcmpi.o)
    0x0800265c   0x000002b0   Code   RO         3188    x$fpl$ddiv          fz_ws.l(ddiv.o)
    0x0800290c   0x00000026   Code   RO         3195    x$fpl$dfltu         fz_ws.l(dflt_clz.o)
    0x08002932   0x00000002   PAD
    0x08002934   0x00000078   Code   RO         3201    x$fpl$dleqf         fz_ws.l(dleqf.o)
    0x080029ac   0x00000154   Code   RO         3203    x$fpl$dmul          fz_ws.l(dmul.o)
    0x08002b00   0x0000009c   Code   RO         3366    x$fpl$dnaninf       fz_ws.l(dnaninf.o)
    0x08002b9c   0x0000000c   Code   RO         3368    x$fpl$dretinf       fz_ws.l(dretinf.o)
    0x08002ba8   0x0000006c   Code   RO         3205    x$fpl$drleqf        fz_ws.l(drleqf.o)
    0x08002c14   0x000001d4   Code   RO         3183    x$fpl$dsub          fz_ws.l(daddsub_clz.o)
    0x08002de8   0x00000000   Code   RO         3374    x$fpl$usenofp       fz_ws.l(usenofp.o)
    0x08002de8   0x00000020   Data   RO          639    .constdata          gpio.o
    0x08002e08   0x00000014   Data   RO         1181    .constdata          inputcapture_exit.o
    0x08002e1c   0x00000018   Data   RO          372    .constdata__ZTV6AM2302  am2302.o
    0x08002e34   0x00000018   Data   RO          374    .constdata__ZTV6Senser  am2302.o
    0x08002e4c   0x00000020   Data   RO         3543    Region$$Table       anon$$obj.o
    0x08002e6c   0x00000004   Data   RO           10    .init_array         main.o
    0x08002e70   0x00000004   Data   RO          170    .init_array         transmission.o
    0x08002e74   0x00000004   Data   RO          944    .init_array         taskmanager.o
    0x08002e78   0x00000000   Data   RO         3062    .init_array         c_w.l(init_aeabi.o)


    Execution Region RW_IRAM1 (Base: 0x20000000, Size: 0x000010a0, Max: 0x00005000, ABSOLUTE)

    Base Addr    Size         Type   Attr      Idx    E Section Name        Object

    0x20000000   0x00000008   Data   RW            9    .data               main.o
    0x20000008   0x00000010   Data   RW          757    .data               interrupt.o
    0x20000018   0x00000020   Data   RW          943    .data               taskmanager.o
    0x20000038   0x00000003   Data   RW         1032    .data               usart.o
    0x2000003b   0x00000005   PAD
    0x20000040   0x0000000b   Data   RW         1182    .data               inputcapture_exit.o
    0x2000004b   0x00000014   Data   RW         2062    .data               stm32f10x_rcc.o
    0x2000005f   0x00000001   PAD
    0x20000060   0x000009b8   Zero   RW            8    .bss                main.o
    0x20000a18   0x00000028   Zero   RW          169    .bss                transmission.o
    0x20000a40   0x00000060   Zero   RW         3376    .bss                c_w.l(libspace.o)
    0x20000aa0   0x00000200   Zero   RW         2992    HEAP                startup_stm32f10x_md.o
    0x20000ca0   0x00000400   Zero   RW         2991    STACK               startup_stm32f10x_md.o


==============================================================================

Image component sizes


      Code (inc. data)   RO Data    RW Data    ZI Data      Debug   Object Name

       534         24         48          0          0       6708   am2302.o
         4          0          0          0          0       4376   esp8266.o
       352         50         32          0          0       3752   gpio.o
        24          0          0          0          0        940   hint.o
       838         74         20         11          0       4380   inputcapture_exit.o
       402         42          0         16          0       7135   interrupt.o
       464         94          4          8       2488     245155   main.o
       266          0          0          0          0       3308   memory.o
       132         22          0          0          0     251719   misc.o
        64         26        236          0       1536        808   startup_stm32f10x_md.o
       184         28          0          0          0       4601   stm32f10x_dma.o
       200         18          0          0          0       2240   stm32f10x_exti.o
       394         42          0          0          0       6244   stm32f10x_flash.o
       512         10          0          0          0       5292   stm32f10x_gpio.o
       308         38          0         20          0       5142   stm32f10x_rcc.o
       490          6          0          0          0       7630   stm32f10x_usart.o
       328         28          0          0          0       1933   system_stm32f10x.o
       442         68          4         32          0       3879   taskmanager.o
        44          6          4          0         40       1656   transmission.o
      1932         88          0          3          0       8848   usart.o
       182          0          0          0          0       1756   wifi_memory.o

    ----------------------------------------------------------------------
      8114        664        380         96       4064     577502   Object Totals
         0          0         32          0          0          0   (incl. Generated)
        18          0          0          6          0          0   (incl. Padding)

    ----------------------------------------------------------------------

      Code (inc. data)   RO Data    RW Data    ZI Data      Debug   Library Member Name

         8          0          0          0          0         68   __main.o
         0          0          0          0          0          0   __rtentry.o
        12          0          0          0          0          0   __rtentry2.o
         6          0          0          0          0          0   __rtentry4.o
        52          8          0          0          0          0   __scatter.o
        26          0          0          0          0          0   __scatter_copy.o
        28          0          0          0          0          0   __scatter_zi.o
        10          0          0          0          0         68   defsig_exit.o
        50          0          0          0          0         88   defsig_general.o
        80         58          0          0          0         76   defsig_rtmem_inner.o
        14          0          0          0          0         80   defsig_rtmem_outer.o
        12          0          0          0          0         72   exit.o
        94          0          0          0          0         80   h1_alloc.o
        52          0          0          0          0         68   h1_extend.o
        78          0          0          0          0         80   h1_free.o
        14          0          0          0          0         84   h1_init.o
         6          0          0          0          0        152   heapauxi.o
         4          0          0          0          0        136   hguard.o
         0          0          0          0          0          0   indicate_semi.o
        36         10          0          0          0         80   init_aeabi.o
       138          0          0          0          0        168   init_alloc.o
         2          0          0          0          0          0   libinit.o
        14          0          0          0          0          0   libinit2.o
         2          0          0          0          0          0   libshutdown.o
         8          0          0          0          0          0   libshutdown2.o
         8          4          0          0         96         68   libspace.o
         0          0          0          0          0          0   maybetermalloc1.o
         8          4          0          0          0         68   rt_ddtor_pointer_addr_intlibspace.o
         8          4          0          0          0         68   rt_heap_descriptor_intlibspace.o
       100          0          0          0          0         80   rt_memcpy_w.o
         2          0          0          0          0          0   rtexit.o
        10          0          0          0          0          0   rtexit2.o
        12          4          0          0          0         68   sys_exit.o
        74          0          0          0          0         80   sys_stackheap_outer.o
        14          0          0          0          0         76   sys_wrch.o
         2          0          0          0          0         68   use_no_semi.o
        50          0          0          0          0         84   aeabi_atexit.o
        66          0          0          0          0         84   cxa_finalize.o
       804         16          0          0          0        272   daddsub_clz.o
        24          0          0          0          0         68   dcmpi.o
       688        140          0          0          0        208   ddiv.o
        38          0          0          0          0         68   dflt_clz.o
       120          4          0          0          0         92   dleqf.o
       340         12          0          0          0        104   dmul.o
       156          4          0          0          0         92   dnaninf.o
        12          0          0          0          0         68   dretinf.o
       108          0          0          0          0         80   drleqf.o
         0          0          0          0          0          0   usenofp.o

    ----------------------------------------------------------------------
      3402        268          0          0         96       3096   Library Totals
        12          0          0          0          0          0   (incl. Padding)

    ----------------------------------------------------------------------

      Code (inc. data)   RO Data    RW Data    ZI Data      Debug   Library Name

       984         92          0          0         96       1876   c_w.l
       116          0          0          0          0        168   cpprt_w.l
      2290        176          0          0          0       1052   fz_ws.l

    ----------------------------------------------------------------------
      3402        268          0          0         96       3096   Library Totals

    ----------------------------------------------------------------------

==============================================================================


      Code (inc. data)   RO Data    RW Data    ZI Data      Debug   

     11516        932        380         96       4160     573782   Grand Totals
     11516        932        380         96       4160     573782   ELF Image Totals
     11516        932        380         96          0          0   ROM Totals

==============================================================================

    Total RO  Size (Code + RO Data)                11896 (  11.62kB)
    Total RW  Size (RW Data + ZI Data)              4256 (   4.16kB)
    Total ROM Size (Code + RO Data + RW Data)      11992 (  11.71kB)

==============================================================================

